Component: ARM Compiler 5.06 update 3 (build 300) Tool: armlink [4d35c9]

==============================================================================

Section Cross References

    main.o(i.POST) refers to led.o(i.Red_LED_Off) for Red_LED_Off
    main.o(i.POST) refers to led.o(i.Green_LED_On) for Green_LED_On
    main.o(i.POST) refers to led.o(i.Red_LED_On) for Red_LED_On
    main.o(i.POST) refers to led.o(i.Green_LED_Off) for Green_LED_Off
    main.o(i.main) refers to sysclock.o(i.System_Clock_Init) for System_Clock_Init
    main.o(i.main) refers to led.o(i.LED_Init) for LED_Init
    main.o(i.main) refers to uart.o(i.UART2_Init) for UART2_Init
    main.o(i.main) refers to timer.o(i.Timer_Init) for Timer_Init
    main.o(i.main) refers to main.o(i.POST) for POST
    main.o(i.main) refers to uart.o(i.USART_WriteEZ) for USART_WriteEZ
    main.o(i.main) refers to uart.o(i.USART_Read) for USART_Read
    main.o(i.main) refers to uart.o(i.USART_ReadInt) for USART_ReadInt
    main.o(i.main) refers to timer.o(i.Timer_Reset) for Timer_Reset
    main.o(i.main) refers to timer.o(i.Timer_Start) for Timer_Start
    main.o(i.main) refers to main.o(i.waitForRisingEdge) for waitForRisingEdge
    main.o(i.main) refers to timer.o(i.Timer_Read) for Timer_Read
    main.o(i.main) refers to main.o(.bss) for bucket
    startup_stm32l476xx.o(STACK) refers (Special) to heapauxi.o(.text) for __use_two_region_memory
    startup_stm32l476xx.o(HEAP) refers (Special) to heapauxi.o(.text) for __use_two_region_memory
    startup_stm32l476xx.o(RESET) refers (Special) to heapauxi.o(.text) for __use_two_region_memory
    startup_stm32l476xx.o(RESET) refers to startup_stm32l476xx.o(STACK) for __initial_sp
    startup_stm32l476xx.o(RESET) refers to startup_stm32l476xx.o(.text) for Reset_Handler
    startup_stm32l476xx.o(.text) refers (Special) to heapauxi.o(.text) for __use_two_region_memory
    startup_stm32l476xx.o(.text) refers to __main.o(!!!main) for __main
    startup_stm32l476xx.o(.text) refers to startup_stm32l476xx.o(HEAP) for Heap_Mem
    startup_stm32l476xx.o(.text) refers to startup_stm32l476xx.o(STACK) for Stack_Mem
    uart.o(i.UART2_Init) refers to uart.o(i.UART2_GPIO_Init) for UART2_GPIO_Init
    uart.o(i.UART2_Init) refers to uart.o(i.USART_Init) for USART_Init
    uart.o(i.USART_ReadInt) refers to h1_alloc.o(.text) for malloc
    uart.o(i.USART_ReadInt) refers to aeabi_memset.o(.text) for __aeabi_memset
    uart.o(i.USART_ReadInt) refers to uart.o(i.USART_Read) for USART_Read
    uart.o(i.USART_ReadInt) refers to atoi.o(.text) for atoi
    uart.o(i.USART_ReadInt) refers to h1_free.o(.text) for free
    uart.o(i.USART_Write) refers to uart.o(i.USART_Delay) for USART_Delay
    uart.o(i.USART_WriteEZ) refers to vsprintf.o(.text) for vsprintf
    uart.o(i.USART_WriteEZ) refers to strlen.o(.text) for strlen
    uart.o(i.USART_WriteEZ) refers to uart.o(i.USART_Write) for USART_Write
    malloc.o(.text) refers (Special) to hguard.o(.text) for __heap$guard
    malloc.o(.text) refers (Special) to init_alloc.o(.text) for _init_alloc
    malloc.o(.text) refers to rt_heap_descriptor_intlibspace.o(.text) for __rt_heap_descriptor
    malloc.o(.text) refers to heapstubs.o(.text) for __Heap_Alloc
    free.o(.text) refers (Special) to hguard.o(.text) for __heap$guard
    free.o(.text) refers to rt_heap_descriptor_intlibspace.o(.text) for __rt_heap_descriptor
    free.o(.text) refers to heapstubs.o(.text) for __Heap_Free
    h1_alloc.o(.text) refers (Special) to h1_init.o(.text) for __Heap_Initialize
    h1_alloc.o(.text) refers to rt_heap_descriptor_intlibspace.o(.text) for __rt_heap_descriptor
    h1_alloc.o(.text) refers to init_alloc.o(.text) for __Heap_Full
    h1_free.o(.text) refers to rt_heap_descriptor_intlibspace.o(.text) for __rt_heap_descriptor
    h1_alloc_mt.o(.text) refers (Special) to h1_init.o(.text) for __Heap_Initialize
    h1_alloc_mt.o(.text) refers to init_alloc.o(.text) for __Heap_Full
    h1_alloc_mt.o(.text) refers to rt_heap_descriptor_intlibspace.o(.text) for __rt_heap_descriptor
    h1_free_mt.o(.text) refers to rt_heap_descriptor_intlibspace.o(.text) for __rt_heap_descriptor
    heap2.o(i._FDIterate) refers to heap2.o(.conststring) for .conststring
    heap2.o(i.___Heap_ProvideMemory$realtime) refers to fdtree.o(i._FDTree_Delete) for _FDTree_Delete
    heap2.o(i.___Heap_ProvideMemory$realtime) refers to fdtree.o(i._FDTree_Insert) for _FDTree_Insert
    heap2.o(i.___Heap_Stats$realtime) refers to heap2.o(i._Heap2_StatsIterate) for _Heap2_StatsIterate
    heap2.o(i.___Heap_Valid$realtime) refers to heap2.o(i._FDIterate) for _FDIterate
    heap2.o(i.___Heap_Valid$realtime) refers to heap2.o(.conststring) for .conststring
    heap2.o(i._free$realtime) refers to rt_heap_descriptor_intlibspace.o(.text) for __rt_heap_descriptor
    heap2.o(i._free$realtime) refers to fdtree.o(i._FDTree_Delete) for _FDTree_Delete
    heap2.o(i._free$realtime) refers to fdtree.o(i._FDTree_Insert) for _FDTree_Insert
[...]
    ../clib/printf_percent.s                 0x00000000   Number         0  _printf_p.o ABSOLUTE
    ../clib/printf_percent.s                 0x00000000   Number         0  _printf_l.o ABSOLUTE
    ../clib/printf_percent.s                 0x00000000   Number         0  _printf_lli.o ABSOLUTE
    ../clib/printf_percent.s                 0x00000000   Number         0  _printf_a.o ABSOLUTE
    ../clib/printf_percent.s                 0x00000000   Number         0  _printf_lc.o ABSOLUTE
    ../clib/printf_percent.s                 0x00000000   Number         0  _printf_g.o ABSOLUTE
    ../clib/printf_percent.s                 0x00000000   Number         0  _printf_lld.o ABSOLUTE
    ../clib/printf_percent.s                 0x00000000   Number         0  _printf_e.o ABSOLUTE
    ../clib/printf_percent.s                 0x00000000   Number         0  _printf_s.o ABSOLUTE
    ../clib/printf_percent.s                 0x00000000   Number         0  _printf_percent.o ABSOLUTE
    ../clib/printf_percent.s                 0x00000000   Number         0  _printf_c.o ABSOLUTE
    ../clib/printf_percent.s                 0x00000000   Number         0  _printf_o.o ABSOLUTE
    ../clib/printf_percent.s                 0x00000000   Number         0  _printf_f.o ABSOLUTE
    ../clib/printf_percent.s                 0x00000000   Number         0  _printf_ls.o ABSOLUTE
    ../clib/printf_percent.s                 0x00000000   Number         0  _printf_n.o ABSOLUTE
    ../clib/printf_percent.s                 0x00000000   Number         0  _printf_llu.o ABSOLUTE
    ../clib/printf_percent.s                 0x00000000   Number         0  _printf_x.o ABSOLUTE
    ../clib/printf_percent.s                 0x00000000   Number         0  _printf_u.o ABSOLUTE
    ../clib/printf_percent.s                 0x00000000   Number         0  _printf_ll.o ABSOLUTE
    ../clib/printf_percent.s                 0x00000000   Number         0  _printf_d.o ABSOLUTE
    ../clib/printf_percent.s                 0x00000000   Number         0  _printf_llx.o ABSOLUTE
    ../clib/scanf.c                          0x00000000   Number         0  strtol.o ABSOLUTE
    ../clib/scanf.c                          0x00000000   Number         0  _strtoul.o ABSOLUTE
    ../clib/scanf.c                          0x00000000   Number         0  _chval.o ABSOLUTE
    ../clib/scanf.c                          0x00000000   Number         0  atoi.o ABSOLUTE
    ../clib/signal.c                         0x00000000   Number         0  defsig_stak_inner.o ABSOLUTE
    ../clib/signal.c                         0x00000000   Number         0  defsig_rtred_inner.o ABSOLUTE
    ../clib/signal.c                         0x00000000   Number         0  defsig_general.o ABSOLUTE
    ../clib/signal.c                         0x00000000   Number         0  defsig_pvfn_inner.o ABSOLUTE
    ../clib/signal.c                         0x00000000   Number         0  defsig_exit.o ABSOLUTE
    ../clib/signal.c                         0x00000000   Number         0  defsig_cppl_inner.o ABSOLUTE
    ../clib/signal.c                         0x00000000   Number         0  defsig_rtmem_inner.o ABSOLUTE
    ../clib/signal.c                         0x00000000   Number         0  defsig_segv_inner.o ABSOLUTE
    ../clib/signal.c                         0x00000000   Number         0  defsig_other.o ABSOLUTE
    ../clib/signal.c                         0x00000000   Number         0  defsig_rtmem_outer.o ABSOLUTE
    ../clib/signal.c                         0x00000000   Number         0  defsig_fpe_inner.o ABSOLUTE
    ../clib/signal.c                         0x00000000   Number         0  __raise.o ABSOLUTE
    ../clib/signal.c                         0x00000000   Number         0  defsig_rtmem_formal.o ABSOLUTE
    ../clib/signal.c                         0x00000000   Number         0  defsig_abrt_inner.o ABSOLUTE
    ../clib/signal.s                         0x00000000   Number         0  defsig.o ABSOLUTE
    ../clib/stdlib.c                         0x00000000   Number         0  exit.o ABSOLUTE
    ../clib/string.c                         0x00000000   Number         0  strlen.o ABSOLUTE
    ../fplib/fpinit.s                        0x00000000   Number         0  fpinit.o ABSOLUTE
    ../fplib/istatus.s                       0x00000000   Number         0  istatus.o ABSOLUTE
    ../fplib/printf1.s                       0x00000000   Number         0  printf1.o ABSOLUTE
    ../fplib/printf2.s                       0x00000000   Number         0  printf2.o ABSOLUTE
    ../fplib/printf2a.s                      0x00000000   Number         0  printf2a.o ABSOLUTE
    ../fplib/printf2b.s                      0x00000000   Number         0  printf2b.o ABSOLUTE
    ../fplib/usenofp.s                       0x00000000   Number         0  usenofp.o ABSOLUTE
    ../mathlib/fpclassify.c                  0x00000000   Number         0  fpclassify.o ABSOLUTE
    LED.c                                    0x00000000   Number         0  led.o ABSOLUTE
    LED.c                                    0x00000000   Number         0  led.o ABSOLUTE
    SysClock.c                               0x00000000   Number         0  sysclock.o ABSOLUTE
    SysClock.c                               0x00000000   Number         0  sysclock.o ABSOLUTE
    Timer.c                                  0x00000000   Number         0  timer.o ABSOLUTE
    Timer.c                                  0x00000000   Number         0  timer.o ABSOLUTE
    UART.c                                   0x00000000   Number         0  uart.o ABSOLUTE
    UART.c                                   0x00000000   Number         0  uart.o ABSOLUTE
    dc.s                                     0x00000000   Number         0  dc.o ABSOLUTE
    main.c                                   0x00000000   Number         0  main.o ABSOLUTE
    main.c                                   0x00000000   Number         0  main.o ABSOLUTE
    startup_stm32l476xx.s                    0x00000000   Number         0  startup_stm32l476xx.o ABSOLUTE
    RESET                                    0x08000000   Section      392  startup_stm32l476xx.o(RESET)
    !!!main                                  0x08000188   Section        8  __main.o(!!!main)
    !!!scatter                               0x08000190   Section       52  __scatter.o(!!!scatter)
    !!handler_zi                             0x080001c4   Section       28  __scatter_zi.o(!!handler_zi)
    .ARM.Collect$$_printf_percent$$00000000  0x080001e0   Section        0  _printf_percent.o(.ARM.Collect$$_printf_percent$$00000000)
    .ARM.Collect$$_printf_percent$$00000001  0x080001e0   Section        6  _printf_n.o(.ARM.Collect$$_printf_percent$$00000001)
    .ARM.Collect$$_printf_percent$$00000002  0x080001e6   Section        6  _printf_p.o(.ARM.Collect$$_printf_percent$$00000002)
    .ARM.Collect$$_printf_percent$$00000003  0x080001ec   Section        6  _printf_f.o(.ARM.Collect$$_printf_percent$$00000003)
    .ARM.Collect$$_printf_percent$$00000004  0x080001f2   Section        6  _printf_e.o(.ARM.Collect$$_printf_percent$$00000004)
    .ARM.Collect$$_printf_percent$$00000005  0x080001f8   Section        6  _printf_g.o(.ARM.Collect$$_printf_percent$$00000005)
    .ARM.Collect$$_printf_percent$$00000006  0x080001fe   Section        6  _printf_a.o(.ARM.Collect$$_printf_percent$$00000006)
    .ARM.Collect$$_printf_percent$$00000007  0x08000204   Section       10  _printf_ll.o(.ARM.Collect$$_printf_percent$$00000007)
    .ARM.Collect$$_printf_percent$$00000008  0x0800020e   Section        6  _printf_i.o(.ARM.Collect$$_printf_percent$$00000008)
    .ARM.Collect$$_printf_percent$$00000009  0x08000214   Section        6  _printf_d.o(.ARM.Collect$$_printf_percent$$00000009)
    .ARM.Collect$$_printf_percent$$0000000A  0x0800021a   Section        6  _printf_u.o(.ARM.Collect$$_printf_percent$$0000000A)
    .ARM.Collect$$_printf_percent$$0000000B  0x08000220   Section        6  _printf_o.o(.ARM.Collect$$_printf_percent$$0000000B)
    .ARM.Collect$$_printf_percent$$0000000C  0x08000226   Section        6  _printf_x.o(.ARM.Collect$$_printf_percent$$0000000C)
    .ARM.Collect$$_printf_percent$$0000000D  0x0800022c   Section        6  _printf_lli.o(.ARM.Collect$$_printf_percent$$0000000D)
    .ARM.Collect$$_printf_percent$$0000000E  0x08000232   Section        6  _printf_lld.o(.ARM.Collect$$_printf_percent$$0000000E)
    .ARM.Collect$$_printf_percent$$0000000F  0x08000238   Section        6  _printf_llu.o(.ARM.Collect$$_printf_percent$$0000000F)
    .ARM.Collect$$_printf_percent$$00000010  0x0800023e   Section        6  _printf_llo.o(.ARM.Collect$$_printf_percent$$00000010)
    .ARM.Collect$$_printf_percent$$00000011  0x08000244   Section        6  _printf_llx.o(.ARM.Collect$$_printf_percent$$00000011)
    .ARM.Collect$$_printf_percent$$00000012  0x0800024a   Section       10  _printf_l.o(.ARM.Collect$$_printf_percent$$00000012)
    .ARM.Collect$$_printf_percent$$00000013  0x08000254   Section        6  _printf_c.o(.ARM.Collect$$_printf_percent$$00000013)
    .ARM.Collect$$_printf_percent$$00000014  0x0800025a   Section        6  _printf_s.o(.ARM.Collect$$_printf_percent$$00000014)
    .ARM.Collect$$_printf_percent$$00000015  0x08000260   Section        6  _printf_lc.o(.ARM.Collect$$_printf_percent$$00000015)
    .ARM.Collect$$_printf_percent$$00000016  0x08000266   Section        6  _printf_ls.o(.ARM.Collect$$_printf_percent$$00000016)
    .ARM.Collect$$_printf_percent$$00000017  0x0800026c   Section        4  _printf_percent_end.o(.ARM.Collect$$_printf_percent$$00000017)
    .ARM.Collect$$libinit$$00000000          0x08000270   Section        2  libinit.o(.ARM.Collect$$libinit$$00000000)
    .ARM.Collect$$libinit$$00000001          0x08000272   Section        4  libinit2.o(.ARM.Collect$$libinit$$00000001)
    .ARM.Collect$$libinit$$00000004          0x08000276   Section        0  libinit2.o(.ARM.Collect$$libinit$$00000004)
    .ARM.Collect$$libinit$$00000005          0x08000276   Section        8  libinit2.o(.ARM.Collect$$libinit$$00000005)
    .ARM.Collect$$libinit$$0000000A          0x0800027e   Section        0  libinit2.o(.ARM.Collect$$libinit$$0000000A)
    .ARM.Collect$$libinit$$0000000C          0x0800027e   Section        0  libinit2.o(.ARM.Collect$$libinit$$0000000C)
    .ARM.Collect$$libinit$$0000000E          0x0800027e   Section        0  libinit2.o(.ARM.Collect$$libinit$$0000000E)
    .ARM.Collect$$libinit$$0000000F          0x0800027e   Section        6  libinit2.o(.ARM.Collect$$libinit$$0000000F)
    .ARM.Collect$$libinit$$00000011          0x08000284   Section        0  libinit2.o(.ARM.Collect$$libinit$$00000011)
    .ARM.Collect$$libinit$$00000012          0x08000284   Section       12  libinit2.o(.ARM.Collect$$libinit$$00000012)
    .ARM.Collect$$libinit$$00000013          0x08000290   Section        0  libinit2.o(.ARM.Collect$$libinit$$00000013)
    .ARM.Collect$$libinit$$00000015          0x08000290   Section        0  libinit2.o(.ARM.Collect$$libinit$$00000015)
    .ARM.Collect$$libinit$$00000016          0x08000290   Section       10  libinit2.o(.ARM.Collect$$libinit$$00000016)
    .ARM.Collect$$libinit$$00000017          0x0800029a   Section        0  libinit2.o(.ARM.Collect$$libinit$$00000017)
    .ARM.Collect$$libinit$$00000019          0x0800029a   Section        0  libinit2.o(.ARM.Collect$$libinit$$00000019)
    .ARM.Collect$$libinit$$0000001B          0x0800029a   Section        0  libinit2.o(.ARM.Collect$$libinit$$0000001B)
    .ARM.Collect$$libinit$$0000001D          0x0800029a   Section        0  libinit2.o(.ARM.Collect$$libinit$$0000001D)
    .ARM.Collect$$libinit$$0000001F          0x0800029a   Section        0  libinit2.o(.ARM.Collect$$libinit$$0000001F)
    .ARM.Collect$$libinit$$00000021          0x0800029a   Section        0  libinit2.o(.ARM.Collect$$libinit$$00000021)
    .ARM.Collect$$libinit$$00000023          0x0800029a   Section        0  libinit2.o(.ARM.Collect$$libinit$$00000023)
    .ARM.Collect$$libinit$$00000025          0x0800029a   Section        0  libinit2.o(.ARM.Collect$$libinit$$00000025)
    .ARM.Collect$$libinit$$0000002C          0x0800029a   Section        0  libinit2.o(.ARM.Collect$$libinit$$0000002C)
    .ARM.Collect$$libinit$$0000002E          0x0800029a   Section        0  libinit2.o(.ARM.Collect$$libinit$$0000002E)
    .ARM.Collect$$libinit$$00000030          0x0800029a   Section        0  libinit2.o(.ARM.Collect$$libinit$$00000030)
    .ARM.Collect$$libinit$$00000032          0x0800029a   Section        0  libinit2.o(.ARM.Collect$$libinit$$00000032)
    .ARM.Collect$$libinit$$00000033          0x0800029a   Section        2  libinit2.o(.ARM.Collect$$libinit$$00000033)
    .ARM.Collect$$libshutdown$$00000000      0x0800029c   Section        2  libshutdown.o(.ARM.Collect$$libshutdown$$00000000)
    .ARM.Collect$$libshutdown$$00000002      0x0800029e   Section        0  libshutdown2.o(.ARM.Collect$$libshutdown$$00000002)
    .ARM.Collect$$libshutdown$$00000004      0x0800029e   Section        0  libshutdown2.o(.ARM.Collect$$libshutdown$$00000004)
    .ARM.Collect$$libshutdown$$00000007      0x0800029e   Section        0  libshutdown2.o(.ARM.Collect$$libshutdown$$00000007)
    .ARM.Collect$$libshutdown$$0000000A      0x0800029e   Section        0  libshutdown2.o(.ARM.Collect$$libshutdown$$0000000A)
    .ARM.Collect$$libshutdown$$0000000C      0x0800029e   Section        0  libshutdown2.o(.ARM.Collect$$libshutdown$$0000000C)
    .ARM.Collect$$libshutdown$$0000000F      0x0800029e   Section        0  libshutdown2.o(.ARM.Collect$$libshutdown$$0000000F)
    .ARM.Collect$$libshutdown$$00000010      0x0800029e   Section        2  libshutdown2.o(.ARM.Collect$$libshutdown$$00000010)
    .ARM.Collect$$rtentry$$00000000          0x080002a0   Section        0  __rtentry.o(.ARM.Collect$$rtentry$$00000000)
    .ARM.Collect$$rtentry$$00000002          0x080002a0   Section        0  __rtentry2.o(.ARM.Collect$$rtentry$$00000002)
    .ARM.Collect$$rtentry$$00000004          0x080002a0   Section        6  __rtentry4.o(.ARM.Collect$$rtentry$$00000004)
    .ARM.Collect$$rtentry$$00000009          0x080002a6   Section        0  __rtentry2.o(.ARM.Collect$$rtentry$$00000009)
    .ARM.Collect$$rtentry$$0000000A          0x080002a6   Section        4  __rtentry2.o(.ARM.Collect$$rtentry$$0000000A)
    .ARM.Collect$$rtentry$$0000000C          0x080002aa   Section        0  __rtentry2.o(.ARM.Collect$$rtentry$$0000000C)
    .ARM.Collect$$rtentry$$0000000D          0x080002aa   Section        8  __rtentry2.o(.ARM.Collect$$rtentry$$0000000D)
    .ARM.Collect$$rtexit$$00000000           0x080002b2   Section        2  rtexit.o(.ARM.Collect$$rtexit$$00000000)
    .ARM.Collect$$rtexit$$00000002           0x080002b4   Section        0  rtexit2.o(.ARM.Collect$$rtexit$$00000002)
    .ARM.Collect$$rtexit$$00000003           0x080002b4   Section        4  rtexit2.o(.ARM.Collect$$rtexit$$00000003)
    .ARM.Collect$$rtexit$$00000004           0x080002b8   Section        6  rtexit2.o(.ARM.Collect$$rtexit$$00000004)
    .emb_text                                0x080002c0   Section        0  maybetermalloc1.o(.emb_text)
    .text                                    0x080002c0   Section      132  startup_stm32l476xx.o(.text)
    $v0                                      0x080002c0   Number         0  startup_stm32l476xx.o(.text)
    .text                                    0x08000344   Section        0  h1_alloc.o(.text)
    .text                                    0x080003a2   Section        0  h1_free.o(.text)
    .text                                    0x080003f0   Section        0  vsprintf.o(.text)
    .text                                    0x08000414   Section        0  atoi.o(.text)
    .text                                    0x0800042e   Section        0  strlen.o(.text)
    .text                                    0x0800046c   Section       16  aeabi_memset.o(.text)
    .text                                    0x0800047c   Section        0  heapauxi.o(.text)
    .text                                    0x08000484   Section        8  rt_heap_descriptor_intlibspace.o(.text)
    .text                                    0x0800048c   Section        8  rt_errno_addr_intlibspace.o(.text)
    .text                                    0x08000494   Section        0  hguard.o(.text)
    .text                                    0x08000498   Section        0  init_alloc.o(.text)
    .text                                    0x08000522   Section        0  h1_init.o(.text)
    .text                                    0x08000530   Section        0  _printf_pad.o(.text)
    .text                                    0x0800057e   Section        0  _printf_truncate.o(.text)
    .text                                    0x080005a2   Section        0  _printf_str.o(.text)
    .text                                    0x080005f4   Section        0  _printf_dec.o(.text)
    .text                                    0x0800066c   Section        0  _printf_charcount.o(.text)
    .text                                    0x08000694   Section        0  _printf_char_common.o(.text)
    _printf_input_char                       0x08000695   Thumb Code    10  _printf_char_common.o(.text)
    .text                                    0x080006c4   Section        0  _sputc.o(.text)
    .text                                    0x080006d0   Section        0  _printf_wctomb.o(.text)
    .text                                    0x08000794   Section        0  _printf_longlong_dec.o(.text)
    .text                                    0x08000810   Section        0  _printf_oct_int_ll.o(.text)
    _printf_longlong_oct_internal            0x08000811   Thumb Code     0  _printf_oct_int_ll.o(.text)
    .text                                    0x08000880   Section        0  _printf_hex_int_ll_ptr.o(.text)
    _printf_hex_common                       0x08000881   Thumb Code     0  _printf_hex_int_ll_ptr.o(.text)
    .text                                    0x08000914   Section        0  __printf_flags_ss_wp.o(.text)
    .text                                    0x08000aa2   Section        0  strtol.o(.text)
    .text                                    0x08000b12   Section       68  rt_memclr.o(.text)
    .text                                    0x08000b58   Section        8  libspace.o(.text)
    .text                                    0x08000b60   Section       16  rt_ctype_table.o(.text)
    .text                                    0x08000b70   Section        0  h1_extend.o(.text)
    .text                                    0x08000ba4   Section      138  lludiv10.o(.text)
    .text                                    0x08000c2e   Section        0  _printf_intcommon.o(.text)
    .text                                    0x08000ce0   Section        0  _printf_fp_dec.o(.text)
    _fp_digits                               0x08000ce3   Thumb Code   428  _printf_fp_dec.o(.text)
    .text                                    0x08001100   Section        0  _printf_fp_hex.o(.text)
    .text                                    0x08001402   Section        0  _printf_char.o(.text)
    .text                                    0x0800142e   Section        0  _printf_wchar.o(.text)
    .text                                    0x0800145a   Section        0  _strtoul.o(.text)
    .text                                    0x080014fe   Section        0  _wcrtomb.o(.text)
    .text                                    0x0800153e   Section        0  defsig_rtmem_outer.o(.text)
    .text                                    0x0800154c   Section       78  rt_memclr_w.o(.text)
    .text                                    0x0800159a   Section        2  use_no_semi.o(.text)
    .text                                    0x0800159c   Section       74  sys_stackheap_outer.o(.text)
    .text                                    0x0800159c   Section        0  indicate_semi.o(.text)
    .text                                    0x080015e8   Section        8  rt_locale_intlibspace.o(.text)
    .text                                    0x080015f0   Section        0  _printf_fp_infnan.o(.text)
    .text                                    0x08001670   Section        0  _chval.o(.text)
    .text                                    0x0800168c   Section        0  bigflt0.o(.text)
    .text                                    0x08001768   Section        0  exit.o(.text)
    .text                                    0x0800177a   Section        0  defsig_exit.o(.text)
    .text                                    0x08001784   Section        0  defsig_rtmem_inner.o(.text)
    .text                                    0x080017d4   Section        0  sys_exit.o(.text)
    .text                                    0x080017e0   Section        0  defsig_general.o(.text)
    .text                                    0x08001814   Section      128  strcmpv7m.o(.text)
    .text                                    0x08001894   Section        0  sys_wrch.o(.text)
    CL$$btod_d2e                             0x080018a2   Section       62  btod.o(CL$$btod_d2e)
    CL$$btod_d2e_denorm_low                  0x080018e0   Section       70  btod.o(CL$$btod_d2e_denorm_low)
    CL$$btod_d2e_norm_op1                    0x08001926   Section       96  btod.o(CL$$btod_d2e_norm_op1)
    CL$$btod_div_common                      0x08001986   Section      824  btod.o(CL$$btod_div_common)
    CL$$btod_e2e                             0x08001cbe   Section      198  btod.o(CL$$btod_e2e)
    CL$$btod_ediv                            0x08001d84   Section       40  btod.o(CL$$btod_ediv)
    CL$$btod_emul                            0x08001dac   Section       40  btod.o(CL$$btod_emul)
    CL$$btod_mult_common                     0x08001dd4   Section      580  btod.o(CL$$btod_mult_common)
    i.Green_LED_Off                          0x08002018   Section        0  led.o(i.Green_LED_Off)
    i.Green_LED_On                           0x0800202c   Section        0  led.o(i.Green_LED_On)
    i.LED_Init                               0x08002040   Section        0  led.o(i.LED_Init)
    i.POST                                   0x080020dc   Section        0  main.o(i.POST)
    i.Red_LED_Off                            0x08002100   Section        0  led.o(i.Red_LED_Off)
    i.Red_LED_On                             0x08002114   Section        0  led.o(i.Red_LED_On)
    i.System_Clock_Init                      0x08002128   Section        0  sysclock.o(i.System_Clock_Init)
    i.Timer_Init                             0x080022ac   Section        0  timer.o(i.Timer_Init)
    i.Timer_Read                             0x080022c8   Section        0  timer.o(i.Timer_Read)
    i.Timer_Reset                            0x080022ce   Section        0  timer.o(i.Timer_Reset)
    i.Timer_Start                            0x080022d0   Section        0  timer.o(i.Timer_Start)
    i.UART2_GPIO_Init                        0x080022dc   Section        0  uart.o(i.UART2_GPIO_Init)
    i.UART2_Init                             0x08002350   Section        0  uart.o(i.UART2_Init)
    i.USART_Delay                            0x08002390   Section        0  uart.o(i.USART_Delay)
    i.USART_Init                             0x080023a4   Section        0  uart.o(i.USART_Init)
    i.USART_Read                             0x08002458   Section        0  uart.o(i.USART_Read)
    i.USART_ReadInt                          0x0800246c   Section        0  uart.o(i.USART_ReadInt)
    i.USART_Write                            0x080024b4   Section        0  uart.o(i.USART_Write)
    i.USART_WriteEZ                          0x080024f4   Section        0  uart.o(i.USART_WriteEZ)
    i.__ARM_fpclassify                       0x08002528   Section        0  fpclassify.o(i.__ARM_fpclassify)
    i._is_digit                              0x08002558   Section        0  __printf_wp.o(i._is_digit)
    i.main                                   0x08002568   Section        0  main.o(i.main)
    i.waitForRisingEdge                      0x0800282c   Section        0  main.o(i.waitForRisingEdge)
    locale$$code                             0x08002848   Section       44  lc_ctype_c.o(locale$$code)
    locale$$code                             0x08002874   Section       44  lc_numeric_c.o(locale$$code)
    x$fpl$fpinit                             0x080028a0   Section       10  fpinit.o(x$fpl$fpinit)
    $v0                                      0x080028a0   Number         0  fpinit.o(x$fpl$fpinit)
    x$fpl$printf1                            0x080028aa   Section        4  printf1.o(x$fpl$printf1)
    $v0                                      0x080028aa   Number         0  printf1.o(x$fpl$printf1)
    x$fpl$printf2                            0x080028ae   Section        4  printf2.o(x$fpl$printf2)
    $v0                                      0x080028ae   Number         0  printf2.o(x$fpl$printf2)
    x$fpl$usenofp                            0x080028b2   Section        0  usenofp.o(x$fpl$usenofp)
    .constdata                               0x080028b4   Section        8  _printf_wctomb.o(.constdata)
    initial_mbstate                          0x080028b4   Data           8  _printf_wctomb.o(.constdata)
    .constdata                               0x080028bc   Section       40  _printf_hex_int_ll_ptr.o(.constdata)
    uc_hextab                                0x080028bc   Data          20  _printf_hex_int_ll_ptr.o(.constdata)
    lc_hextab                                0x080028d0   Data          20  _printf_hex_int_ll_ptr.o(.constdata)
    .constdata                               0x080028e4   Section       17  __printf_flags_ss_wp.o(.constdata)
    maptable                                 0x080028e4   Data          17  __printf_flags_ss_wp.o(.constdata)
    .constdata                               0x080028f5   Section       38  _printf_fp_hex.o(.constdata)
    lc_hextab                                0x080028f5   Data          19  _printf_fp_hex.o(.constdata)
    uc_hextab                                0x08002908   Data          19  _printf_fp_hex.o(.constdata)
    .constdata                               0x0800291c   Section      148  bigflt0.o(.constdata)
    tenpwrs_x                                0x0800291c   Data          60  bigflt0.o(.constdata)
    tenpwrs_i                                0x08002958   Data          64  bigflt0.o(.constdata)
    locale$$data                             0x080029c0   Section      272  lc_ctype_c.o(locale$$data)
    __lcctype_c_name                         0x080029c4   Data           2  lc_ctype_c.o(locale$$data)
    __lcctype_c_start                        0x080029cc   Data           0  lc_ctype_c.o(locale$$data)
    locale$$data                             0x08002ad0   Section       28  lc_numeric_c.o(locale$$data)
    __lcctype_c_end                          0x08002ad0   Data           0  lc_ctype_c.o(locale$$data)
    __lcnum_c_name                           0x08002ad4   Data           2  lc_numeric_c.o(locale$$data)
    __lcnum_c_start                          0x08002adc   Data           0  lc_numeric_c.o(locale$$data)
    __lcnum_c_point                          0x08002ae8   Data           0  lc_numeric_c.o(locale$$data)
    __lcnum_c_thousands                      0x08002aea   Data           0  lc_numeric_c.o(locale$$data)
    __lcnum_c_grouping                       0x08002aeb   Data           0  lc_numeric_c.o(locale$$data)
    __lcnum_c_end                            0x08002aec   Data           0  lc_numeric_c.o(locale$$data)
    .bss                                     0x20000000   Section      202  main.o(.bss)
    bucket                                   0x20000000   Data         202  main.o(.bss)
    .bss                                     0x200000cc   Section       96  libspace.o(.bss)
    HEAP                                     0x20000130   Section      512  startup_stm32l476xx.o(HEAP)
    Heap_Mem                                 0x20000130   Data         512  startup_stm32l476xx.o(HEAP)
    STACK                                    0x20000330   Section     1024  startup_stm32l476xx.o(STACK)
    Stack_Mem                                0x20000330   Data        1024  startup_stm32l476xx.o(STACK)
    __initial_sp                             0x20000730   Data           0  startup_stm32l476xx.o(STACK)

    Global Symbols

    Symbol Name                              Value     Ov Type        Size  Object(Section)

    BuildAttributes$$THM_ISAv4$E$P$D$K$B$S$7EM$VFPi3$EXTD16$VFPS$VFMA$PE$A:L22UL41UL21$X:L11$S22US41US21$IEEE1$IW$USESV6$~STKCKD$USESV7$~SHL$OTIME$ROPI$IEEEJ$EBA8$UX$STANDARDLIB$REQ8$PRES8$EABIv2 0x00000000   Number         0  anon$$obj.o ABSOLUTE
    Image$$ER_IROM1$$RW$$Length              0x00000000   Number         0  anon$$obj.o ABSOLUTE
    Image$$ER_IROM1$$ZI$$Length              0x00000000   Number         0  anon$$obj.o ABSOLUTE
    Image$$RW_IRAM1$$Length                  0x00000000   Number         0  anon$$obj.o ABSOLUTE
    Image$$RW_IRAM1$$RO$$Length              0x00000000   Number         0  anon$$obj.o ABSOLUTE
    Image$$RW_IRAM1$$RW$$Length              0x00000000   Number         0  anon$$obj.o ABSOLUTE
    __ARM_use_no_argv                        0x00000000   Number         0  main.o ABSOLUTE
    _printf_flags                            0x00000000   Number         0  printf_stubs.o ABSOLUTE
    _printf_return_value                     0x00000000   Number         0  printf_stubs.o ABSOLUTE
    _printf_sizespec                         0x00000000   Number         0  printf_stubs.o ABSOLUTE
    _printf_widthprec                        0x00000000   Number         0  printf_stubs.o ABSOLUTE
    __ARM_exceptions_init                     - Undefined Weak Reference
    __alloca_initialize                       - Undefined Weak Reference
    __arm_preinit_                            - Undefined Weak Reference
    __cpp_initialize__aeabi_                  - Undefined Weak Reference
    __cxa_finalize                            - Undefined Weak Reference
    __sigvec_lookup                           - Undefined Weak Reference
    __user_heap_extent                        - Undefined Weak Reference
    _atexit_init                              - Undefined Weak Reference
    _call_atexit_fns                          - Undefined Weak Reference
    _clock_init                               - Undefined Weak Reference
    _fp_trap_init                             - Undefined Weak Reference
    _fp_trap_shutdown                         - Undefined Weak Reference
    _get_lc_collate                           - Undefined Weak Reference
    _get_lc_monetary                          - Undefined Weak Reference
    _get_lc_time                              - Undefined Weak Reference
    _getenv_init                              - Undefined Weak Reference
    _handle_redirection                       - Undefined Weak Reference
    _initio                                   - Undefined Weak Reference
    _mutex_acquire                            - Undefined Weak Reference
    _mutex_free                               - Undefined Weak Reference
    _mutex_release                            - Undefined Weak Reference
    _printf_mbtowc                            - Undefined Weak Reference
    _printf_wc                                - Undefined Weak Reference
    _rand_init                                - Undefined Weak Reference
    _signal_finish                            - Undefined Weak Reference
    _signal_init                              - Undefined Weak Reference
    _terminateio                              - Undefined Weak Reference
    __Vectors_Size                           0x00000188   Number         0  startup_stm32l476xx.o ABSOLUTE
    Image$$RW_IRAM1$$ZI$$Length              0x00000730   Number         0  anon$$obj.o ABSOLUTE
    Image$$ER_IROM1$$RO$$Length              0x00002aec   Number         0  anon$$obj.o ABSOLUTE
    Image$$ER_IROM1$$RO$$Base                0x08000000   Number         0  anon$$obj.o ABSOLUTE
    Load$$ER_IROM1$$Base                     0x08000000   Number         0  anon$$obj.o ABSOLUTE
    __Vectors                                0x08000000   Data           4  startup_stm32l476xx.o(RESET)
    __Vectors_End                            0x08000188   Data           0  startup_stm32l476xx.o(RESET)
    __main                                   0x08000189   Thumb Code     8  __main.o(!!!main)
    __scatterload                            0x08000191   Thumb Code     0  __scatter.o(!!!scatter)
    __scatterload_rt2                        0x08000191   Thumb Code    44  __scatter.o(!!!scatter)
    __scatterload_rt2_thumb_only             0x08000191   Thumb Code     0  __scatter.o(!!!scatter)
    __scatterload_null                       0x0800019f   Thumb Code     0  __scatter.o(!!!scatter)
    __scatterload_zeroinit                   0x080001c5   Thumb Code    28  __scatter_zi.o(!!handler_zi)
    _printf_n                                0x080001e1   Thumb Code     0  _printf_n.o(.ARM.Collect$$_printf_percent$$00000001)
    _printf_percent                          0x080001e1   Thumb Code     0  _printf_percent.o(.ARM.Collect$$_printf_percent$$00000000)
    _printf_p                                0x080001e7   Thumb Code     0  _printf_p.o(.ARM.Collect$$_printf_percent$$00000002)
    _printf_f                                0x080001ed   Thumb Code     0  _printf_f.o(.ARM.Collect$$_printf_percent$$00000003)
    _printf_e                                0x080001f3   Thumb Code     0  _printf_e.o(.ARM.Collect$$_printf_percent$$00000004)
    _printf_g                                0x080001f9   Thumb Code     0  _printf_g.o(.ARM.Collect$$_printf_percent$$00000005)
    _printf_a                                0x080001ff   Thumb Code     0  _printf_a.o(.ARM.Collect$$_printf_percent$$00000006)
    _printf_ll                               0x08000205   Thumb Code     0  _printf_ll.o(.ARM.Collect$$_printf_percent$$00000007)
    _printf_i                                0x0800020f   Thumb Code     0  _printf_i.o(.ARM.Collect$$_printf_percent$$00000008)
    _printf_d                                0x08000215   Thumb Code     0  _printf_d.o(.ARM.Collect$$_printf_percent$$00000009)
    _printf_u                                0x0800021b   Thumb Code     0  _printf_u.o(.ARM.Collect$$_printf_percent$$0000000A)
    _printf_o                                0x08000221   Thumb Code     0  _printf_o.o(.ARM.Collect$$_printf_percent$$0000000B)
    _printf_x                                0x08000227   Thumb Code     0  _printf_x.o(.ARM.Collect$$_printf_percent$$0000000C)
    _printf_lli                              0x0800022d   Thumb Code     0  _printf_lli.o(.ARM.Collect$$_printf_percent$$0000000D)
    _printf_lld                              0x08000233   Thumb Code     0  _printf_lld.o(.ARM.Collect$$_printf_percent$$0000000E)
    _printf_llu                              0x08000239   Thumb Code     0  _printf_llu.o(.ARM.Collect$$_printf_percent$$0000000F)
    _printf_llo                              0x0800023f   Thumb Code     0  _printf_llo.o(.ARM.Collect$$_printf_percent$$00000010)
    _printf_llx                              0x08000245   Thumb Code     0  _printf_llx.o(.ARM.Collect$$_printf_percent$$00000011)
    _printf_l                                0x0800024b   Thumb Code     0  _printf_l.o(.ARM.Collect$$_printf_percent$$00000012)
    _printf_c                                0x08000255   Thumb Code     0  _printf_c.o(.ARM.Collect$$_printf_percent$$00000013)
    _printf_s                                0x0800025b   Thumb Code     0  _printf_s.o(.ARM.Collect$$_printf_percent$$00000014)
    _printf_lc                               0x08000261   Thumb Code     0  _printf_lc.o(.ARM.Collect$$_printf_percent$$00000015)
    _printf_ls                               0x08000267   Thumb Code     0  _printf_ls.o(.ARM.Collect$$_printf_percent$$00000016)
    _printf_percent_end                      0x0800026d   Thumb Code     0  _printf_percent_end.o(.ARM.Collect$$_printf_percent$$00000017)
    __rt_lib_init                            0x08000271   Thumb Code     0  libinit.o(.ARM.Collect$$libinit$$00000000)
    __rt_lib_init_fp_1                       0x08000273   Thumb Code     0  libinit2.o(.ARM.Collect$$libinit$$00000001)
    __rt_lib_init_heap_2                     0x08000277   Thumb Code     0  libinit2.o(.ARM.Collect$$libinit$$00000005)
    __rt_lib_init_preinit_1                  0x08000277   Thumb Code     0  libinit2.o(.ARM.Collect$$libinit$$00000004)
    __rt_lib_init_heap_1                     0x0800027f   Thumb Code     0  libinit2.o(.ARM.Collect$$libinit$$0000000A)
    __rt_lib_init_lc_common                  0x0800027f   Thumb Code     0  libinit2.o(.ARM.Collect$$libinit$$0000000F)
    __rt_lib_init_rand_1                     0x0800027f   Thumb Code     0  libinit2.o(.ARM.Collect$$libinit$$0000000E)
    __rt_lib_init_user_alloc_1               0x0800027f   Thumb Code     0  libinit2.o(.ARM.Collect$$libinit$$0000000C)
    __rt_lib_init_lc_collate_1               0x08000285   Thumb Code     0  libinit2.o(.ARM.Collect$$libinit$$00000011)
    __rt_lib_init_lc_ctype_2                 0x08000285   Thumb Code     0  libinit2.o(.ARM.Collect$$libinit$$00000012)
    __rt_lib_init_lc_ctype_1                 0x08000291   Thumb Code     0  libinit2.o(.ARM.Collect$$libinit$$00000013)
    __rt_lib_init_lc_monetary_1              0x08000291   Thumb Code     0  libinit2.o(.ARM.Collect$$libinit$$00000015)
    __rt_lib_init_lc_numeric_2               0x08000291   Thumb Code     0  libinit2.o(.ARM.Collect$$libinit$$00000016)
    __rt_lib_init_alloca_1                   0x0800029b   Thumb Code     0  libinit2.o(.ARM.Collect$$libinit$$0000002E)
    __rt_lib_init_argv_1                     0x0800029b   Thumb Code     0  libinit2.o(.ARM.Collect$$libinit$$0000002C)
    __rt_lib_init_atexit_1                   0x0800029b   Thumb Code     0  libinit2.o(.ARM.Collect$$libinit$$0000001B)
    __rt_lib_init_clock_1                    0x0800029b   Thumb Code     0  libinit2.o(.ARM.Collect$$libinit$$00000021)
    __rt_lib_init_cpp_1                      0x0800029b   Thumb Code     0  libinit2.o(.ARM.Collect$$libinit$$00000032)
    __rt_lib_init_exceptions_1               0x0800029b   Thumb Code     0  libinit2.o(.ARM.Collect$$libinit$$00000030)
    __rt_lib_init_fp_trap_1                  0x0800029b   Thumb Code     0  libinit2.o(.ARM.Collect$$libinit$$0000001F)
    __rt_lib_init_getenv_1                   0x0800029b   Thumb Code     0  libinit2.o(.ARM.Collect$$libinit$$00000023)
    __rt_lib_init_lc_numeric_1               0x0800029b   Thumb Code     0  libinit2.o(.ARM.Collect$$libinit$$00000017)
    __rt_lib_init_lc_time_1                  0x0800029b   Thumb Code     0  libinit2.o(.ARM.Collect$$libinit$$00000019)
    __rt_lib_init_return                     0x0800029b   Thumb Code     0  libinit2.o(.ARM.Collect$$libinit$$00000033)
    __rt_lib_init_signal_1                   0x0800029b   Thumb Code     0  libinit2.o(.ARM.Collect$$libinit$$0000001D)
    __rt_lib_init_stdio_1                    0x0800029b   Thumb Code     0  libinit2.o(.ARM.Collect$$libinit$$00000025)
    __rt_lib_shutdown                        0x0800029d   Thumb Code     0  libshutdown.o(.ARM.Collect$$libshutdown$$00000000)
    __rt_lib_shutdown_cpp_1                  0x0800029f   Thumb Code     0  libshutdown2.o(.ARM.Collect$$libshutdown$$00000002)
    __rt_lib_shutdown_fp_trap_1              0x0800029f   Thumb Code     0  libshutdown2.o(.ARM.Collect$$libshutdown$$00000007)
    __rt_lib_shutdown_heap_1                 0x0800029f   Thumb Code     0  libshutdown2.o(.ARM.Collect$$libshutdown$$0000000F)
    __rt_lib_shutdown_return                 0x0800029f   Thumb Code     0  libshutdown2.o(.ARM.Collect$$libshutdown$$00000010)
    __rt_lib_shutdown_signal_1               0x0800029f   Thumb Code     0  libshutdown2.o(.ARM.Collect$$libshutdown$$0000000A)
    __rt_lib_shutdown_stdio_1                0x0800029f   Thumb Code     0  libshutdown2.o(.ARM.Collect$$libshutdown$$00000004)
    __rt_lib_shutdown_user_alloc_1           0x0800029f   Thumb Code     0  libshutdown2.o(.ARM.Collect$$libshutdown$$0000000C)
    __rt_entry                               0x080002a1   Thumb Code     0  __rtentry.o(.ARM.Collect$$rtentry$$00000000)
    __rt_entry_presh_1                       0x080002a1   Thumb Code     0  __rtentry2.o(.ARM.Collect$$rtentry$$00000002)
    __rt_entry_sh                            0x080002a1   Thumb Code     0  __rtentry4.o(.ARM.Collect$$rtentry$$00000004)
    __rt_entry_li                            0x080002a7   Thumb Code     0  __rtentry2.o(.ARM.Collect$$rtentry$$0000000A)
    __rt_entry_postsh_1                      0x080002a7   Thumb Code     0  __rtentry2.o(.ARM.Collect$$rtentry$$00000009)
    __rt_entry_main                          0x080002ab   Thumb Code     0  __rtentry2.o(.ARM.Collect$$rtentry$$0000000D)
    __rt_entry_postli_1                      0x080002ab   Thumb Code     0  __rtentry2.o(.ARM.Collect$$rtentry$$0000000C)
    __rt_exit                                0x080002b3   Thumb Code     0  rtexit.o(.ARM.Collect$$rtexit$$00000000)
    __rt_exit_ls                             0x080002b5   Thumb Code     0  rtexit2.o(.ARM.Collect$$rtexit$$00000003)
    __rt_exit_prels_1                        0x080002b5   Thumb Code     0  rtexit2.o(.ARM.Collect$$rtexit$$00000002)
    __rt_exit_exit                           0x080002b9   Thumb Code     0  rtexit2.o(.ARM.Collect$$rtexit$$00000004)
    Reset_Handler                            0x080002c1   Thumb Code    60  startup_stm32l476xx.o(.text)
    _maybe_terminate_alloc                   0x080002c1   Thumb Code     0  maybetermalloc1.o(.emb_text)
    NMI_Handler                              0x080002fd   Thumb Code     2  startup_stm32l476xx.o(.text)
    HardFault_Handler                        0x080002ff   Thumb Code     2  startup_stm32l476xx.o(.text)
    MemManage_Handler                        0x08000301   Thumb Code     2  startup_stm32l476xx.o(.text)
    BusFault_Handler                         0x08000303   Thumb Code     2  startup_stm32l476xx.o(.text)
    UsageFault_Handler                       0x08000305   Thumb Code     2  startup_stm32l476xx.o(.text)
    SVC_Handler                              0x08000307   Thumb Code     2  startup_stm32l476xx.o(.text)
    DebugMon_Handler                         0x08000309   Thumb Code     2  startup_stm32l476xx.o(.text)
    PendSV_Handler                           0x0800030b   Thumb Code     2  startup_stm32l476xx.o(.text)
    SysTick_Handler                          0x0800030d   Thumb Code     2  startup_stm32l476xx.o(.text)
    ADC1_2_IRQHandler                        0x0800030f   Thumb Code     0  startup_stm32l476xx.o(.text)
    ADC3_IRQHandler                          0x0800030f   Thumb Code     0  startup_stm32l476xx.o(.text)
    CAN1_RX0_IRQHandler                      0x0800030f   Thumb Code     0  startup_stm32l476xx.o(.text)
    CAN1_RX1_IRQHandler                      0x0800030f   Thumb Code     0  startup_stm32l476xx.o(.text)
    CAN1_SCE_IRQHandler                      0x0800030f   Thumb Code     0  startup_stm32l476xx.o(.text)
    CAN1_TX_IRQHandler                       0x0800030f   Thumb Code     0  startup_stm32l476xx.o(.text)
    COMP_IRQHandler                          0x0800030f   Thumb Code     0  startup_stm32l476xx.o(.text)
    DFSDM0_IRQHandler                        0x0800030f   Thumb Code     0  startup_stm32l476xx.o(.text)
    DFSDM1_IRQHandler                        0x0800030f   Thumb Code     0  startup_stm32l476xx.o(.text)
    DFSDM2_IRQHandler                        0x0800030f   Thumb Code     0  startup_stm32l476xx.o(.text)
    DFSDM3_IRQHandler                        0x0800030f   Thumb Code     0  startup_stm32l476xx.o(.text)
    DMA1_Channel1_IRQHandler                 0x0800030f   Thumb Code     0  startup_stm32l476xx.o(.text)
    DMA1_Channel2_IRQHandler                 0x0800030f   Thumb Code     0  startup_stm32l476xx.o(.text)
    DMA1_Channel3_IRQHandler                 0x0800030f   Thumb Code     0  startup_stm32l476xx.o(.text)
    DMA1_Channel4_IRQHandler                 0x0800030f   Thumb Code     0  startup_stm32l476xx.o(.text)
    DMA1_Channel5_IRQHandler                 0x0800030f   Thumb Code     0  startup_stm32l476xx.o(.text)
    DMA1_Channel6_IRQHandler                 0x0800030f   Thumb Code     0  startup_stm32l476xx.o(.text)
    DMA1_Channel7_IRQHandler                 0x0800030f   Thumb Code     0  startup_stm32l476xx.o(.text)
    DMA2_Channel1_IRQHandler                 0x0800030f   Thumb Code     0  startup_stm32l476xx.o(.text)
    DMA2_Channel2_IRQHandler                 0x0800030f   Thumb Code     0  startup_stm32l476xx.o(.text)
    DMA2_Channel3_IRQHandler                 0x0800030f   Thumb Code     0  startup_stm32l476xx.o(.text)
    DMA2_Channel4_IRQHandler                 0x0800030f   Thumb Code     0  startup_stm32l476xx.o(.text)
    DMA2_Channel5_IRQHandler                 0x0800030f   Thumb Code     0  startup_stm32l476xx.o(.text)
    DMA2_Channel6_IRQHandler                 0x0800030f   Thumb Code     0  startup_stm32l476xx.o(.text)
    DMA2_Channel7_IRQHandler                 0x0800030f   Thumb Code     0  startup_stm32l476xx.o(.text)
    EXTI0_IRQHandler                         0x0800030f   Thumb Code     0  startup_stm32l476xx.o(.text)
    EXTI15_10_IRQHandler                     0x0800030f   Thumb Code     0  startup_stm32l476xx.o(.text)
    EXTI1_IRQHandler                         0x0800030f   Thumb Code     0  startup_stm32l476xx.o(.text)
    EXTI2_IRQHandler                         0x0800030f   Thumb Code     0  startup_stm32l476xx.o(.text)
    EXTI3_IRQHandler                         0x0800030f   Thumb Code     0  startup_stm32l476xx.o(.text)
    EXTI4_IRQHandler                         0x0800030f   Thumb Code     0  startup_stm32l476xx.o(.text)
    EXTI9_5_IRQHandler                       0x0800030f   Thumb Code     0  startup_stm32l476xx.o(.text)
    FLASH_IRQHandler                         0x0800030f   Thumb Code     0  startup_stm32l476xx.o(.text)
    FMC_IRQHandler                           0x0800030f   Thumb Code     0  startup_stm32l476xx.o(.text)
    FPU_IRQHandler                           0x0800030f   Thumb Code     0  startup_stm32l476xx.o(.text)
    I2C1_ER_IRQHandler                       0x0800030f   Thumb Code     0  startup_stm32l476xx.o(.text)
    I2C1_EV_IRQHandler                       0x0800030f   Thumb Code     0  startup_stm32l476xx.o(.text)
    I2C2_ER_IRQHandler                       0x0800030f   Thumb Code     0  startup_stm32l476xx.o(.text)
    I2C2_EV_IRQHandler                       0x0800030f   Thumb Code     0  startup_stm32l476xx.o(.text)
    I2C3_ER_IRQHandler                       0x0800030f   Thumb Code     0  startup_stm32l476xx.o(.text)
    I2C3_EV_IRQHandler                       0x0800030f   Thumb Code     0  startup_stm32l476xx.o(.text)
    LCD_IRQHandler                           0x0800030f   Thumb Code     0  startup_stm32l476xx.o(.text)
    LPTIM1_IRQHandler                        0x0800030f   Thumb Code     0  startup_stm32l476xx.o(.text)
    LPTIM2_IRQHandler                        0x0800030f   Thumb Code     0  startup_stm32l476xx.o(.text)
    LPUART1_IRQHandler                       0x0800030f   Thumb Code     0  startup_stm32l476xx.o(.text)
    OTG_FS_IRQHandler                        0x0800030f   Thumb Code     0  startup_stm32l476xx.o(.text)
    PVD_PVM_IRQHandler                       0x0800030f   Thumb Code     0  startup_stm32l476xx.o(.text)
    QUADSPI_IRQHandler                       0x0800030f   Thumb Code     0  startup_stm32l476xx.o(.text)
    RCC_IRQHandler                           0x0800030f   Thumb Code     0  startup_stm32l476xx.o(.text)
    RNG_IRQHandler                           0x0800030f   Thumb Code     0  startup_stm32l476xx.o(.text)
    RTC_Alarm_IRQHandler                     0x0800030f   Thumb Code     0  startup_stm32l476xx.o(.text)
    RTC_WKUP_IRQHandler                      0x0800030f   Thumb Code     0  startup_stm32l476xx.o(.text)
    SAI1_IRQHandler                          0x0800030f   Thumb Code     0  startup_stm32l476xx.o(.text)
    SAI2_IRQHandler                          0x0800030f   Thumb Code     0  startup_stm32l476xx.o(.text)
    SDMMC1_IRQHandler                        0x0800030f   Thumb Code     0  startup_stm32l476xx.o(.text)
    SPI1_IRQHandler                          0x0800030f   Thumb Code     0  startup_stm32l476xx.o(.text)
    SPI2_IRQHandler                          0x0800030f   Thumb Code     0  startup_stm32l476xx.o(.text)
    SPI3_IRQHandler                          0x0800030f   Thumb Code     0  startup_stm32l476xx.o(.text)
    SWPMI1_IRQHandler                        0x0800030f   Thumb Code     0  startup_stm32l476xx.o(.text)
    TAMP_STAMP_IRQHandler                    0x0800030f   Thumb Code     0  startup_stm32l476xx.o(.text)
    TIM1_BRK_TIM15_IRQHandler                0x0800030f   Thumb Code     0  startup_stm32l476xx.o(.text)
    TIM1_CC_IRQHandler                       0x0800030f   Thumb Code     0  startup_stm32l476xx.o(.text)
    TIM1_TRG_COM_TIM17_IRQHandler            0x0800030f   Thumb Code     0  startup_stm32l476xx.o(.text)
    TIM1_UP_TIM16_IRQHandler                 0x0800030f   Thumb Code     0  startup_stm32l476xx.o(.text)
    TIM2_IRQHandler                          0x0800030f   Thumb Code     0  startup_stm32l476xx.o(.text)
    TIM3_IRQHandler                          0x0800030f   Thumb Code     0  startup_stm32l476xx.o(.text)
    TIM4_IRQHandler                          0x0800030f   Thumb Code     0  startup_stm32l476xx.o(.text)
    TIM5_IRQHandler                          0x0800030f   Thumb Code     0  startup_stm32l476xx.o(.text)
    TIM6_DAC_IRQHandler                      0x0800030f   Thumb Code     0  startup_stm32l476xx.o(.text)
    TIM7_IRQHandler                          0x0800030f   Thumb Code     0  startup_stm32l476xx.o(.text)
    TIM8_BRK_IRQHandler                      0x0800030f   Thumb Code     0  startup_stm32l476xx.o(.text)
    TIM8_CC_IRQHandler                       0x0800030f   Thumb Code     0  startup_stm32l476xx.o(.text)
    TIM8_TRG_COM_IRQHandler                  0x0800030f   Thumb Code     0  startup_stm32l476xx.o(.text)
    TIM8_UP_IRQHandler                       0x0800030f   Thumb Code     0  startup_stm32l476xx.o(.text)
    TSC_IRQHandler                           0x0800030f   Thumb Code     0  startup_stm32l476xx.o(.text)
    UART4_IRQHandler                         0x0800030f   Thumb Code     0  startup_stm32l476xx.o(.text)
    UART5_IRQHandler                         0x0800030f   Thumb Code     0  startup_stm32l476xx.o(.text)
    USART1_IRQHandler                        0x0800030f   Thumb Code     0  startup_stm32l476xx.o(.text)
    USART2_IRQHandler                        0x0800030f   Thumb Code     0  startup_stm32l476xx.o(.text)
    USART3_IRQHandler                        0x0800030f   Thumb Code     0  startup_stm32l476xx.o(.text)
    WWDG_IRQHandler                          0x0800030f   Thumb Code     0  startup_stm32l476xx.o(.text)
    __user_initial_stackheap                 0x08000311   Thumb Code     0  startup_stm32l476xx.o(.text)
    malloc                                   0x08000345   Thumb Code    94  h1_alloc.o(.text)
    free                                     0x080003a3   Thumb Code    78  h1_free.o(.text)
    vsprintf                                 0x080003f1   Thumb Code    32  vsprintf.o(.text)
    atoi                                     0x08000415   Thumb Code    26  atoi.o(.text)
    strlen                                   0x0800042f   Thumb Code    62  strlen.o(.text)
    __aeabi_memset                           0x0800046d   Thumb Code    16  aeabi_memset.o(.text)
    __use_two_region_memory                  0x0800047d   Thumb Code     2  heapauxi.o(.text)
    __rt_heap_escrow                         0x0800047f   Thumb Code     2  heapauxi.o(.text)
    __rt_heap_expand                         0x08000481   Thumb Code     2  heapauxi.o(.text)
    __rt_heap_descriptor                     0x08000485   Thumb Code     8  rt_heap_descriptor_intlibspace.o(.text)
    __aeabi_errno_addr                       0x0800048d   Thumb Code     8  rt_errno_addr_intlibspace.o(.text)
    __errno$intlibspace                      0x0800048d   Thumb Code     0  rt_errno_addr_intlibspace.o(.text)
    __rt_errno_addr$intlibspace              0x0800048d   Thumb Code     0  rt_errno_addr_intlibspace.o(.text)
    __use_no_heap                            0x08000495   Thumb Code     2  hguard.o(.text)
    __heap$guard                             0x08000497   Thumb Code     2  hguard.o(.text)
    _terminate_user_alloc                    0x08000499   Thumb Code     2  init_alloc.o(.text)
    _init_user_alloc                         0x0800049b   Thumb Code     2  init_alloc.o(.text)
    __Heap_Full                              0x0800049d   Thumb Code    34  init_alloc.o(.text)
    __Heap_Broken                            0x080004bf   Thumb Code     6  init_alloc.o(.text)
    _init_alloc                              0x080004c5   Thumb Code    94  init_alloc.o(.text)
    __Heap_Initialize                        0x08000523   Thumb Code    10  h1_init.o(.text)
    __Heap_DescSize                          0x0800052d   Thumb Code     4  h1_init.o(.text)
    _printf_pre_padding                      0x08000531   Thumb Code    44  _printf_pad.o(.text)
    _printf_post_padding                     0x0800055d   Thumb Code    34  _printf_pad.o(.text)
    _printf_truncate_signed                  0x0800057f   Thumb Code    18  _printf_truncate.o(.text)
    _printf_truncate_unsigned                0x08000591   Thumb Code    18  _printf_truncate.o(.text)
    _printf_str                              0x080005a3   Thumb Code    82  _printf_str.o(.text)
    _printf_int_dec                          0x080005f5   Thumb Code   104  _printf_dec.o(.text)
    _printf_charcount                        0x0800066d   Thumb Code    40  _printf_charcount.o(.text)
    _printf_char_common                      0x0800069f   Thumb Code    32  _printf_char_common.o(.text)
    _sputc                                   0x080006c5   Thumb Code    10  _sputc.o(.text)
    _printf_wctomb                           0x080006d1   Thumb Code   182  _printf_wctomb.o(.text)
    _printf_longlong_dec                     0x08000795   Thumb Code   108  _printf_longlong_dec.o(.text)
    _printf_longlong_oct                     0x08000811   Thumb Code    68  _printf_oct_int_ll.o(.text)
    _printf_int_oct                          0x08000855   Thumb Code    24  _printf_oct_int_ll.o(.text)
    _printf_ll_oct                           0x0800086d   Thumb Code    12  _printf_oct_int_ll.o(.text)
    _printf_longlong_hex                     0x08000881   Thumb Code    86  _printf_hex_int_ll_ptr.o(.text)
    _printf_int_hex                          0x080008d7   Thumb Code    28  _printf_hex_int_ll_ptr.o(.text)
    _printf_ll_hex                           0x080008f3   Thumb Code    12  _printf_hex_int_ll_ptr.o(.text)
    _printf_hex_ptr                          0x080008ff   Thumb Code    18  _printf_hex_int_ll_ptr.o(.text)
    __printf                                 0x08000915   Thumb Code   388  __printf_flags_ss_wp.o(.text)
    strtol                                   0x08000aa3   Thumb Code   112  strtol.o(.text)
    __aeabi_memclr                           0x08000b13   Thumb Code     0  rt_memclr.o(.text)
    __rt_memclr                              0x08000b13   Thumb Code    68  rt_memclr.o(.text)
    _memset                                  0x08000b17   Thumb Code     0  rt_memclr.o(.text)
    __user_libspace                          0x08000b59   Thumb Code     8  libspace.o(.text)
    __user_perproc_libspace                  0x08000b59   Thumb Code     0  libspace.o(.text)
    __user_perthread_libspace                0x08000b59   Thumb Code     0  libspace.o(.text)
    __rt_ctype_table                         0x08000b61   Thumb Code    16  rt_ctype_table.o(.text)
    __Heap_ProvideMemory                     0x08000b71   Thumb Code    52  h1_extend.o(.text)
    _ll_udiv10                               0x08000ba5   Thumb Code   138  lludiv10.o(.text)
    _printf_int_common                       0x08000c2f   Thumb Code   178  _printf_intcommon.o(.text)
    __lib_sel_fp_printf                      0x08000ce1   Thumb Code     2  _printf_fp_dec.o(.text)
    _printf_fp_dec_real                      0x08000e8f   Thumb Code   620  _printf_fp_dec.o(.text)
    _printf_fp_hex_real                      0x08001101   Thumb Code   756  _printf_fp_hex.o(.text)
    _printf_cs_common                        0x08001403   Thumb Code    20  _printf_char.o(.text)
    _printf_char                             0x08001417   Thumb Code    16  _printf_char.o(.text)
    _printf_string                           0x08001427   Thumb Code     8  _printf_char.o(.text)
    _printf_lcs_common                       0x0800142f   Thumb Code    20  _printf_wchar.o(.text)
    _printf_wchar                            0x08001443   Thumb Code    16  _printf_wchar.o(.text)
    _printf_wstring                          0x08001453   Thumb Code     8  _printf_wchar.o(.text)
    _strtoul                                 0x0800145b   Thumb Code   158  _strtoul.o(.text)
    _wcrtomb                                 0x080014ff   Thumb Code    64  _wcrtomb.o(.text)
    __rt_SIGRTMEM                            0x0800153f   Thumb Code    14  defsig_rtmem_outer.o(.text)
    __aeabi_memclr4                          0x0800154d   Thumb Code     0  rt_memclr_w.o(.text)
    __aeabi_memclr8                          0x0800154d   Thumb Code     0  rt_memclr_w.o(.text)
    __rt_memclr_w                            0x0800154d   Thumb Code    78  rt_memclr_w.o(.text)
    _memset_w                                0x08001551   Thumb Code     0  rt_memclr_w.o(.text)
    __I$use$semihosting                      0x0800159b   Thumb Code     0  use_no_semi.o(.text)
    __use_no_semihosting_swi                 0x0800159b   Thumb Code     2  use_no_semi.o(.text)
    __semihosting_library_function           0x0800159d   Thumb Code     0  indicate_semi.o(.text)
    __user_setup_stackheap                   0x0800159d   Thumb Code    74  sys_stackheap_outer.o(.text)
    __rt_locale                              0x080015e9   Thumb Code     8  rt_locale_intlibspace.o(.text)
    _printf_fp_infnan                        0x080015f1   Thumb Code   112  _printf_fp_infnan.o(.text)
    _chval                                   0x08001671   Thumb Code    28  _chval.o(.text)
    _btod_etento                             0x0800168d   Thumb Code   216  bigflt0.o(.text)
    exit                                     0x08001769   Thumb Code    18  exit.o(.text)
    __sig_exit                               0x0800177b   Thumb Code    10  defsig_exit.o(.text)
    __rt_SIGRTMEM_inner                      0x08001785   Thumb Code    22  defsig_rtmem_inner.o(.text)
    _sys_exit                                0x080017d5   Thumb Code     8  sys_exit.o(.text)
    __default_signal_display                 0x080017e1   Thumb Code    50  defsig_general.o(.text)
    strcmp                                   0x08001815   Thumb Code   128  strcmpv7m.o(.text)
    _ttywrch                                 0x08001895   Thumb Code    14  sys_wrch.o(.text)
    _btod_d2e                                0x080018a3   Thumb Code    62  btod.o(CL$$btod_d2e)
    _d2e_denorm_low                          0x080018e1   Thumb Code    70  btod.o(CL$$btod_d2e_denorm_low)
    _d2e_norm_op1                            0x08001927   Thumb Code    96  btod.o(CL$$btod_d2e_norm_op1)
    __btod_div_common                        0x08001987   Thumb Code   696  btod.o(CL$$btod_div_common)
    _e2e                                     0x08001cbf   Thumb Code   198  btod.o(CL$$btod_e2e)
    _btod_ediv                               0x08001d85   Thumb Code    40  btod.o(CL$$btod_ediv)
    _btod_emul                               0x08001dad   Thumb Code    40  btod.o(CL$$btod_emul)
    __btod_mult_common                       0x08001dd5   Thumb Code   580  btod.o(CL$$btod_mult_common)
    Green_LED_Off                            0x08002019   Thumb Code    14  led.o(i.Green_LED_Off)
    Green_LED_On                             0x0800202d   Thumb Code    14  led.o(i.Green_LED_On)
    LED_Init                                 0x08002041   Thumb Code   144  led.o(i.LED_Init)
    POST                                     0x080020dd   Thumb Code    34  main.o(i.POST)
    Red_LED_Off                              0x08002101   Thumb Code    14  led.o(i.Red_LED_Off)
    Red_LED_On                               0x08002115   Thumb Code    14  led.o(i.Red_LED_On)
    System_Clock_Init                        0x08002129   Thumb Code   380  sysclock.o(i.System_Clock_Init)
    Timer_Init                               0x080022ad   Thumb Code    24  timer.o(i.Timer_Init)
    Timer_Read                               0x080022c9   Thumb Code     6  timer.o(i.Timer_Read)
    Timer_Reset                              0x080022cf   Thumb Code     2  timer.o(i.Timer_Reset)
    Timer_Start                              0x080022d1   Thumb Code    10  timer.o(i.Timer_Start)
    UART2_GPIO_Init                          0x080022dd   Thumb Code   106  uart.o(i.UART2_GPIO_Init)
    UART2_Init                               0x08002351   Thumb Code    54  uart.o(i.UART2_Init)
    USART_Delay                              0x08002391   Thumb Code    20  uart.o(i.USART_Delay)
    USART_Init                               0x080023a5   Thumb Code   168  uart.o(i.USART_Init)
    USART_Read                               0x08002459   Thumb Code    20  uart.o(i.USART_Read)
    USART_ReadInt                            0x0800246d   Thumb Code    72  uart.o(i.USART_ReadInt)
    USART_Write                              0x080024b5   Thumb Code    64  uart.o(i.USART_Write)
    USART_WriteEZ                            0x080024f5   Thumb Code    52  uart.o(i.USART_WriteEZ)
    __ARM_fpclassify                         0x08002529   Thumb Code    48  fpclassify.o(i.__ARM_fpclassify)
    _is_digit                                0x08002559   Thumb Code    14  __printf_wp.o(i._is_digit)
    main                                     0x08002569   Thumb Code   410  main.o(i.main)
    waitForRisingEdge                        0x0800282d   Thumb Code    26  main.o(i.waitForRisingEdge)
    _get_lc_ctype                            0x08002849   Thumb Code    44  lc_ctype_c.o(locale$$code)
    _get_lc_numeric                          0x08002875   Thumb Code    44  lc_numeric_c.o(locale$$code)
    _fp_init                                 0x080028a1   Thumb Code    10  fpinit.o(x$fpl$fpinit)
    __fplib_config_fpu_vfp                   0x080028a9   Thumb Code     0  fpinit.o(x$fpl$fpinit)
    __fplib_config_pureend_doubles           0x080028a9   Thumb Code     0  fpinit.o(x$fpl$fpinit)
    _printf_fp_dec                           0x080028ab   Thumb Code     4  printf1.o(x$fpl$printf1)
    _printf_fp_hex                           0x080028af   Thumb Code     4  printf2.o(x$fpl$printf2)
    __I$use$fp                               0x080028b2   Number         0  usenofp.o(x$fpl$usenofp)
    Region$$Table$$Base                      0x080029b0   Number         0  anon$$obj.o(Region$$Table)
    Region$$Table$$Limit                     0x080029c0   Number         0  anon$$obj.o(Region$$Table)
    __ctype                                  0x080029cd   Data           0  lc_ctype_c.o(locale$$data)
    Image$$ER_IROM1$$RO$$Limit               0x08002aec   Number         0  anon$$obj.o ABSOLUTE
    Image$$ER_IROM1$$RW$$Base                0x08002aec   Number         0  anon$$obj.o ABSOLUTE
    Image$$ER_IROM1$$RW$$Limit               0x08002aec   Number         0  anon$$obj.o ABSOLUTE
    Image$$ER_IROM1$$ZI$$Base                0x08002aec   Number         0  anon$$obj.o ABSOLUTE
    Image$$ER_IROM1$$ZI$$Limit               0x08002aec   Number         0  anon$$obj.o ABSOLUTE
    Load$$RW_IRAM1$$Base                     0x08002aec   Number         0  anon$$obj.o ABSOLUTE
    Image$$RW_IRAM1$$Base                    0x20000000   Number         0  anon$$obj.o ABSOLUTE
    Image$$RW_IRAM1$$Limit                   0x20000000   Number         0  anon$$obj.o ABSOLUTE
    Image$$RW_IRAM1$$RO$$Base                0x20000000   Number         0  anon$$obj.o ABSOLUTE
    Image$$RW_IRAM1$$RW$$Base                0x20000000   Number         0  anon$$obj.o ABSOLUTE
    Image$$RW_IRAM1$$RW$$Limit               0x20000000   Number         0  anon$$obj.o ABSOLUTE
    Image$$RW_IRAM1$$ZI$$Base                0x20000000   Number         0  anon$$obj.o ABSOLUTE
    __libspace_start                         0x200000cc   Data          96  libspace.o(.bss)
    __temporary_stack_top$libspace           0x2000012c   Data           0  libspace.o(.bss)
    Image$$RW_IRAM1$$ZI$$Limit               0x20000730   Number         0  anon$$obj.o ABSOLUTE



==============================================================================

Memory Map of the image

  Image Entry point : 0x08000189

  Load Region LR_IROM1 (Base: 0x08000000, Size: 0x00002aec, Max: 0x00100000, ABSOLUTE)

    Execution Region ER_IROM1 (Base: 0x08000000, Size: 0x00002aec, Max: 0x00100000, ABSOLUTE)

    Base Addr    Size         Type   Attr      Idx    E Section Name        Object

    0x08000000   0x00000188   Data   RO           91    RESET               startup_stm32l476xx.o
    0x08000188   0x00000008   Code   RO          378  * !!!main             c_w.l(__main.o)
    0x08000190   0x00000034   Code   RO          760    !!!scatter          c_w.l(__scatter.o)
    0x080001c4   0x0000001c   Code   RO          762    !!handler_zi        c_w.l(__scatter_zi.o)
    0x080001e0   0x00000000   Code   RO          494    .ARM.Collect$$_printf_percent$$00000000  c_w.l(_printf_percent.o)
    0x080001e0   0x00000006   Code   RO          483    .ARM.Collect$$_printf_percent$$00000001  c_w.l(_printf_n.o)
    0x080001e6   0x00000006   Code   RO          485    .ARM.Collect$$_printf_percent$$00000002  c_w.l(_printf_p.o)
    0x080001ec   0x00000006   Code   RO          490    .ARM.Collect$$_printf_percent$$00000003  c_w.l(_printf_f.o)
    0x080001f2   0x00000006   Code   RO          491    .ARM.Collect$$_printf_percent$$00000004  c_w.l(_printf_e.o)
    0x080001f8   0x00000006   Code   RO          492    .ARM.Collect$$_printf_percent$$00000005  c_w.l(_printf_g.o)
    0x080001fe   0x00000006   Code   RO          493    .ARM.Collect$$_printf_percent$$00000006  c_w.l(_printf_a.o)
    0x08000204   0x0000000a   Code   RO          498    .ARM.Collect$$_printf_percent$$00000007  c_w.l(_printf_ll.o)
    0x0800020e   0x00000006   Code   RO          487    .ARM.Collect$$_printf_percent$$00000008  c_w.l(_printf_i.o)
    0x08000214   0x00000006   Code   RO          488    .ARM.Collect$$_printf_percent$$00000009  c_w.l(_printf_d.o)
    0x0800021a   0x00000006   Code   RO          489    .ARM.Collect$$_printf_percent$$0000000A  c_w.l(_printf_u.o)
    0x08000220   0x00000006   Code   RO          486    .ARM.Collect$$_printf_percent$$0000000B  c_w.l(_printf_o.o)
    0x08000226   0x00000006   Code   RO          484    .ARM.Collect$$_printf_percent$$0000000C  c_w.l(_printf_x.o)
    0x0800022c   0x00000006   Code   RO          495    .ARM.Collect$$_printf_percent$$0000000D  c_w.l(_printf_lli.o)
    0x08000232   0x00000006   Code   RO          496    .ARM.Collect$$_printf_percent$$0000000E  c_w.l(_printf_lld.o)
    0x08000238   0x00000006   Code   RO          497    .ARM.Collect$$_printf_percent$$0000000F  c_w.l(_printf_llu.o)
    0x0800023e   0x00000006   Code   RO          502    .ARM.Collect$$_printf_percent$$00000010  c_w.l(_printf_llo.o)
    0x08000244   0x00000006   Code   RO          503    .ARM.Collect$$_printf_percent$$00000011  c_w.l(_printf_llx.o)
    0x0800024a   0x0000000a   Code   RO          499    .ARM.Collect$$_printf_percent$$00000012  c_w.l(_printf_l.o)
    0x08000254   0x00000006   Code   RO          481    .ARM.Collect$$_printf_percent$$00000013  c_w.l(_printf_c.o)
    0x0800025a   0x00000006   Code   RO          482    .ARM.Collect$$_printf_percent$$00000014  c_w.l(_printf_s.o)
    0x08000260   0x00000006   Code   RO          500    .ARM.Collect$$_printf_percent$$00000015  c_w.l(_printf_lc.o)
    0x08000266   0x00000006   Code   RO          501    .ARM.Collect$$_printf_percent$$00000016  c_w.l(_printf_ls.o)
    0x0800026c   0x00000004   Code   RO          610    .ARM.Collect$$_printf_percent$$00000017  c_w.l(_printf_percent_end.o)
    0x08000270   0x00000002   Code   RO          692    .ARM.Collect$$libinit$$00000000  c_w.l(libinit.o)
    0x08000272   0x00000004   Code   RO          512    .ARM.Collect$$libinit$$00000001  c_w.l(libinit2.o)
    0x08000276   0x00000000   Code   RO          515    .ARM.Collect$$libinit$$00000004  c_w.l(libinit2.o)
    0x08000276   0x00000008   Code   RO          516    .ARM.Collect$$libinit$$00000005  c_w.l(libinit2.o)
    0x0800027e   0x00000000   Code   RO          518    .ARM.Collect$$libinit$$0000000A  c_w.l(libinit2.o)
    0x0800027e   0x00000000   Code   RO          520    .ARM.Collect$$libinit$$0000000C  c_w.l(libinit2.o)
    0x0800027e   0x00000000   Code   RO          522    .ARM.Collect$$libinit$$0000000E  c_w.l(libinit2.o)
    0x0800027e   0x00000006   Code   RO          523    .ARM.Collect$$libinit$$0000000F  c_w.l(libinit2.o)
    0x08000284   0x00000000   Code   RO          525    .ARM.Collect$$libinit$$00000011  c_w.l(libinit2.o)
    0x08000284   0x0000000c   Code   RO          526    .ARM.Collect$$libinit$$00000012  c_w.l(libinit2.o)
    0x08000290   0x00000000   Code   RO          527    .ARM.Collect$$libinit$$00000013  c_w.l(libinit2.o)
    0x08000290   0x00000000   Code   RO          529    .ARM.Collect$$libinit$$00000015  c_w.l(libinit2.o)
    0x08000290   0x0000000a   Code   RO          530    .ARM.Collect$$libinit$$00000016  c_w.l(libinit2.o)
    0x0800029a   0x00000000   Code   RO          531    .ARM.Collect$$libinit$$00000017  c_w.l(libinit2.o)
    0x0800029a   0x00000000   Code   RO          533    .ARM.Collect$$libinit$$00000019  c_w.l(libinit2.o)
    0x0800029a   0x00000000   Code   RO          535    .ARM.Collect$$libinit$$0000001B  c_w.l(libinit2.o)
    0x0800029a   0x00000000   Code   RO          537    .ARM.Collect$$libinit$$0000001D  c_w.l(libinit2.o)
    0x0800029a   0x00000000   Code   RO          539    .ARM.Collect$$libinit$$0000001F  c_w.l(libinit2.o)
    0x0800029a   0x00000000   Code   RO          541    .ARM.Collect$$libinit$$00000021  c_w.l(libinit2.o)
    0x0800029a   0x00000000   Code   RO          543    .ARM.Collect$$libinit$$00000023  c_w.l(libinit2.o)
    0x0800029a   0x00000000   Code   RO          545    .ARM.Collect$$libinit$$00000025  c_w.l(libinit2.o)
    0x0800029a   0x00000000   Code   RO          549    .ARM.Collect$$libinit$$0000002C  c_w.l(libinit2.o)
    0x0800029a   0x00000000   Code   RO          551    .ARM.Collect$$libinit$$0000002E  c_w.l(libinit2.o)
    0x0800029a   0x00000000   Code   RO          553    .ARM.Collect$$libinit$$00000030  c_w.l(libinit2.o)
    0x0800029a   0x00000000   Code   RO          555    .ARM.Collect$$libinit$$00000032  c_w.l(libinit2.o)
    0x0800029a   0x00000002   Code   RO          556    .ARM.Collect$$libinit$$00000033  c_w.l(libinit2.o)
    0x0800029c   0x00000002   Code   RO          757    .ARM.Collect$$libshutdown$$00000000  c_w.l(libshutdown.o)
    0x0800029e   0x00000000   Code   RO          713    .ARM.Collect$$libshutdown$$00000002  c_w.l(libshutdown2.o)
    0x0800029e   0x00000000   Code   RO          715    .ARM.Collect$$libshutdown$$00000004  c_w.l(libshutdown2.o)
    0x0800029e   0x00000000   Code   RO          718    .ARM.Collect$$libshutdown$$00000007  c_w.l(libshutdown2.o)
    0x0800029e   0x00000000   Code   RO          721    .ARM.Collect$$libshutdown$$0000000A  c_w.l(libshutdown2.o)
    0x0800029e   0x00000000   Code   RO          723    .ARM.Collect$$libshutdown$$0000000C  c_w.l(libshutdown2.o)
    0x0800029e   0x00000000   Code   RO          726    .ARM.Collect$$libshutdown$$0000000F  c_w.l(libshutdown2.o)
    0x0800029e   0x00000002   Code   RO          727    .ARM.Collect$$libshutdown$$00000010  c_w.l(libshutdown2.o)
    0x080002a0   0x00000000   Code   RO          382    .ARM.Collect$$rtentry$$00000000  c_w.l(__rtentry.o)
    0x080002a0   0x00000000   Code   RO          571    .ARM.Collect$$rtentry$$00000002  c_w.l(__rtentry2.o)
    0x080002a0   0x00000006   Code   RO          583    .ARM.Collect$$rtentry$$00000004  c_w.l(__rtentry4.o)
    0x080002a6   0x00000000   Code   RO          573    .ARM.Collect$$rtentry$$00000009  c_w.l(__rtentry2.o)
    0x080002a6   0x00000004   Code   RO          574    .ARM.Collect$$rtentry$$0000000A  c_w.l(__rtentry2.o)
    0x080002aa   0x00000000   Code   RO          576    .ARM.Collect$$rtentry$$0000000C  c_w.l(__rtentry2.o)
    0x080002aa   0x00000008   Code   RO          577    .ARM.Collect$$rtentry$$0000000D  c_w.l(__rtentry2.o)
    0x080002b2   0x00000002   Code   RO          700    .ARM.Collect$$rtexit$$00000000  c_w.l(rtexit.o)
    0x080002b4   0x00000000   Code   RO          731    .ARM.Collect$$rtexit$$00000002  c_w.l(rtexit2.o)
    0x080002b4   0x00000004   Code   RO          732    .ARM.Collect$$rtexit$$00000003  c_w.l(rtexit2.o)
    0x080002b8   0x00000006   Code   RO          733    .ARM.Collect$$rtexit$$00000004  c_w.l(rtexit2.o)
    0x080002be   0x00000002   PAD
    0x080002c0   0x00000000   Code   RO          589    .emb_text           c_w.l(maybetermalloc1.o)
    0x080002c0   0x00000084   Code   RO           92    .text               startup_stm32l476xx.o
    0x08000344   0x0000005e   Code   RO          310    .text               c_w.l(h1_alloc.o)
    0x080003a2   0x0000004e   Code   RO          312    .text               c_w.l(h1_free.o)
    0x080003f0   0x00000024   Code   RO          368    .text               c_w.l(vsprintf.o)
    0x08000414   0x0000001a   Code   RO          370    .text               c_w.l(atoi.o)
    0x0800042e   0x0000003e   Code   RO          372    .text               c_w.l(strlen.o)
    0x0800046c   0x00000010   Code   RO          374    .text               c_w.l(aeabi_memset.o)
    0x0800047c   0x00000006   Code   RO          376    .text               c_w.l(heapauxi.o)
    0x08000482   0x00000002   PAD
    0x08000484   0x00000008   Code   RO          386    .text               c_w.l(rt_heap_descriptor_intlibspace.o)
    0x0800048c   0x00000008   Code   RO          391    .text               c_w.l(rt_errno_addr_intlibspace.o)
    0x08000494   0x00000004   Code   RO          393    .text               c_w.l(hguard.o)
    0x08000498   0x0000008a   Code   RO          395    .text               c_w.l(init_alloc.o)
    0x08000522   0x0000000e   Code   RO          399    .text               c_w.l(h1_init.o)
    0x08000530   0x0000004e   Code   RO          415    .text               c_w.l(_printf_pad.o)
    0x0800057e   0x00000024   Code   RO          417    .text               c_w.l(_printf_truncate.o)
    0x080005a2   0x00000052   Code   RO          419    .text               c_w.l(_printf_str.o)
    0x080005f4   0x00000078   Code   RO          421    .text               c_w.l(_printf_dec.o)
    0x0800066c   0x00000028   Code   RO          423    .text               c_w.l(_printf_charcount.o)
    0x08000694   0x00000030   Code   RO          425    .text               c_w.l(_printf_char_common.o)
    0x080006c4   0x0000000a   Code   RO          427    .text               c_w.l(_sputc.o)
    0x080006ce   0x00000002   PAD
    0x080006d0   0x000000c2   Code   RO          429    .text               c_w.l(_printf_wctomb.o)
    0x08000792   0x00000002   PAD
    0x08000794   0x0000007c   Code   RO          432    .text               c_w.l(_printf_longlong_dec.o)
    0x08000810   0x00000070   Code   RO          438    .text               c_w.l(_printf_oct_int_ll.o)
    0x08000880   0x00000094   Code   RO          458    .text               c_w.l(_printf_hex_int_ll_ptr.o)
    0x08000914   0x0000018e   Code   RO          478    .text               c_w.l(__printf_flags_ss_wp.o)
    0x08000aa2   0x00000070   Code   RO          504    .text               c_w.l(strtol.o)
    0x08000b12   0x00000044   Code   RO          508    .text               c_w.l(rt_memclr.o)
    0x08000b56   0x00000002   PAD
    0x08000b58   0x00000008   Code   RO          567    .text               c_w.l(libspace.o)
    0x08000b60   0x00000010   Code   RO          585    .text               c_w.l(rt_ctype_table.o)
    0x08000b70   0x00000034   Code   RO          591    .text               c_w.l(h1_extend.o)
    0x08000ba4   0x0000008a   Code   RO          595    .text               c_w.l(lludiv10.o)
    0x08000c2e   0x000000b2   Code   RO          597    .text               c_w.l(_printf_intcommon.o)
    0x08000ce0   0x00000420   Code   RO          599    .text               c_w.l(_printf_fp_dec.o)
    0x08001100   0x00000302   Code   RO          601    .text               c_w.l(_printf_fp_hex.o)
    0x08001402   0x0000002c   Code   RO          606    .text               c_w.l(_printf_char.o)
    0x0800142e   0x0000002c   Code   RO          608    .text               c_w.l(_printf_wchar.o)
    0x0800145a   0x000000a4   Code   RO          611    .text               c_w.l(_strtoul.o)
    0x080014fe   0x00000040   Code   RO          613    .text               c_w.l(_wcrtomb.o)
    0x0800153e   0x0000000e   Code   RO          615    .text               c_w.l(defsig_rtmem_outer.o)
    0x0800154c   0x0000004e   Code   RO          619    .text               c_w.l(rt_memclr_w.o)
    0x0800159a   0x00000002   Code   RO          628    .text               c_w.l(use_no_semi.o)
    0x0800159c   0x00000000   Code   RO          630    .text               c_w.l(indicate_semi.o)
    0x0800159c   0x0000004a   Code   RO          631    .text               c_w.l(sys_stackheap_outer.o)
    0x080015e6   0x00000002   PAD
    0x080015e8   0x00000008   Code   RO          638    .text               c_w.l(rt_locale_intlibspace.o)
    0x080015f0   0x00000080   Code   RO          642    .text               c_w.l(_printf_fp_infnan.o)
    0x08001670   0x0000001c   Code   RO          644    .text               c_w.l(_chval.o)
    0x0800168c   0x000000dc   Code   RO          646    .text               c_w.l(bigflt0.o)
    0x08001768   0x00000012   Code   RO          677    .text               c_w.l(exit.o)
    0x0800177a   0x0000000a   Code   RO          679    .text               c_w.l(defsig_exit.o)
    0x08001784   0x00000050   Code   RO          681    .text               c_w.l(defsig_rtmem_inner.o)
    0x080017d4   0x0000000c   Code   RO          698    .text               c_w.l(sys_exit.o)
    0x080017e0   0x00000032   Code   RO          708    .text               c_w.l(defsig_general.o)
    0x08001812   0x00000002   PAD
    0x08001814   0x00000080   Code   RO          710    .text               c_w.l(strcmpv7m.o)
    0x08001894   0x0000000e   Code   RO          728    .text               c_w.l(sys_wrch.o)
    0x080018a2   0x0000003e   Code   RO          649    CL$$btod_d2e        c_w.l(btod.o)
    0x080018e0   0x00000046   Code   RO          651    CL$$btod_d2e_denorm_low  c_w.l(btod.o)
    0x08001926   0x00000060   Code   RO          650    CL$$btod_d2e_norm_op1  c_w.l(btod.o)
    0x08001986   0x00000338   Code   RO          659    CL$$btod_div_common  c_w.l(btod.o)
    0x08001cbe   0x000000c6   Code   RO          656    CL$$btod_e2e        c_w.l(btod.o)
    0x08001d84   0x00000028   Code   RO          653    CL$$btod_ediv       c_w.l(btod.o)
    0x08001dac   0x00000028   Code   RO          652    CL$$btod_emul       c_w.l(btod.o)
    0x08001dd4   0x00000244   Code   RO          658    CL$$btod_mult_common  c_w.l(btod.o)
    0x08002018   0x00000014   Code   RO           99    i.Green_LED_Off     led.o
    0x0800202c   0x00000014   Code   RO          100    i.Green_LED_On      led.o
    0x08002040   0x0000009c   Code   RO          102    i.LED_Init          led.o
    0x080020dc   0x00000022   Code   RO            4    i.POST              main.o
    0x080020fe   0x00000002   PAD
    0x08002100   0x00000014   Code   RO          103    i.Red_LED_Off       led.o
    0x08002114   0x00000014   Code   RO          104    i.Red_LED_On        led.o
    0x08002128   0x00000184   Code   RO          159    i.System_Clock_Init  sysclock.o
    0x080022ac   0x0000001c   Code   RO          265    i.Timer_Init        timer.o
    0x080022c8   0x00000006   Code   RO          266    i.Timer_Read        timer.o
    0x080022ce   0x00000002   Code   RO          267    i.Timer_Reset       timer.o
    0x080022d0   0x0000000a   Code   RO          268    i.Timer_Start       timer.o
    0x080022da   0x00000002   PAD
    0x080022dc   0x00000074   Code   RO          183    i.UART2_GPIO_Init   uart.o
    0x08002350   0x00000040   Code   RO          184    i.UART2_Init        uart.o
    0x08002390   0x00000014   Code   RO          185    i.USART_Delay       uart.o
    0x080023a4   0x000000b4   Code   RO          187    i.USART_Init        uart.o
    0x08002458   0x00000014   Code   RO          188    i.USART_Read        uart.o
    0x0800246c   0x00000048   Code   RO          189    i.USART_ReadInt     uart.o
    0x080024b4   0x00000040   Code   RO          190    i.USART_Write       uart.o
    0x080024f4   0x00000034   Code   RO          191    i.USART_WriteEZ     uart.o
    0x08002528   0x00000030   Code   RO          696    i.__ARM_fpclassify  m_wm.l(fpclassify.o)
    0x08002558   0x0000000e   Code   RO          471    i._is_digit         c_w.l(__printf_wp.o)
    0x08002566   0x00000002   PAD
    0x08002568   0x000002c4   Code   RO            5    i.main              main.o
    0x0800282c   0x0000001a   Code   RO            6    i.waitForRisingEdge  main.o
    0x08002846   0x00000002   PAD
    0x08002848   0x0000002c   Code   RO          672    locale$$code        c_w.l(lc_ctype_c.o)
    0x08002874   0x0000002c   Code   RO          675    locale$$code        c_w.l(lc_numeric_c.o)
    0x080028a0   0x0000000a   Code   RO          626    x$fpl$fpinit        fz_wm.l(fpinit.o)
    0x080028aa   0x00000004   Code   RO          557    x$fpl$printf1       fz_wm.l(printf1.o)
    0x080028ae   0x00000004   Code   RO          559    x$fpl$printf2       fz_wm.l(printf2.o)
    0x080028b2   0x00000000   Code   RO          695    x$fpl$usenofp       fz_wm.l(usenofp.o)
    0x080028b2   0x00000002   PAD
    0x080028b4   0x00000008   Data   RO          430    .constdata          c_w.l(_printf_wctomb.o)
    0x080028bc   0x00000028   Data   RO          459    .constdata          c_w.l(_printf_hex_int_ll_ptr.o)
    0x080028e4   0x00000011   Data   RO          479    .constdata          c_w.l(__printf_flags_ss_wp.o)
    0x080028f5   0x00000026   Data   RO          602    .constdata          c_w.l(_printf_fp_hex.o)
    0x0800291b   0x00000001   PAD
    0x0800291c   0x00000094   Data   RO          647    .constdata          c_w.l(bigflt0.o)
    0x080029b0   0x00000010   Data   RO          758    Region$$Table       anon$$obj.o
    0x080029c0   0x00000110   Data   RO          671    locale$$data        c_w.l(lc_ctype_c.o)
    0x08002ad0   0x0000001c   Data   RO          674    locale$$data        c_w.l(lc_numeric_c.o)


    Execution Region RW_IRAM1 (Base: 0x20000000, Size: 0x00000730, Max: 0x00018000, ABSOLUTE)

    Base Addr    Size         Type   Attr      Idx    E Section Name        Object

    0x20000000   0x000000ca   Zero   RW            7    .bss                main.o
    0x200000ca   0x00000002   PAD
    0x200000cc   0x00000060   Zero   RW          568    .bss                c_w.l(libspace.o)
    0x2000012c   0x00000004   PAD
    0x20000130   0x00000200   Zero   RW           90    HEAP                startup_stm32l476xx.o
    0x20000330   0x00000400   Zero   RW           89    STACK               startup_stm32l476xx.o


==============================================================================

Image component sizes


      Code (inc. data)   RO Data    RW Data    ZI Data      Debug   Object Name

       236         36          0          0          0       2209   led.o
       768        298          0          0        202     298354   main.o
       132         42        392          0       1536        844   startup_stm32l476xx.o
       388          8          0          0          0        632   sysclock.o
        46          4          0          0          0       2202   timer.o
       588         32          0          0          0       5445   uart.o

    ----------------------------------------------------------------------
      2164        420        408          0       1740     309686   Object Totals
         0          0         16          0          0          0   (incl. Generated)
         6          0          0          0          2          0   (incl. Padding)

    ----------------------------------------------------------------------

      Code (inc. data)   RO Data    RW Data    ZI Data      Debug   Library Member Name

         8          0          0          0          0         68   __main.o
       398          4         17          0          0         92   __printf_flags_ss_wp.o
        14          0          0          0          0         68   __printf_wp.o
         0          0          0          0          0          0   __rtentry.o
        12          0          0          0          0          0   __rtentry2.o
         6          0          0          0          0          0   __rtentry4.o
        52          8          0          0          0          0   __scatter.o
        28          0          0          0          0          0   __scatter_zi.o
        28          0          0          0          0         68   _chval.o
         6          0          0          0          0          0   _printf_a.o
         6          0          0          0          0          0   _printf_c.o
        44          0          0          0          0        108   _printf_char.o
        48          6          0          0          0         96   _printf_char_common.o
        40          0          0          0          0         68   _printf_charcount.o
         6          0          0          0          0          0   _printf_d.o
       120         16          0          0          0         92   _printf_dec.o
         6          0          0          0          0          0   _printf_e.o
         6          0          0          0          0          0   _printf_f.o
      1056          0          0          0          0        216   _printf_fp_dec.o
       770          8         38          0          0        100   _printf_fp_hex.o
       128         16          0          0          0         84   _printf_fp_infnan.o
         6          0          0          0          0          0   _printf_g.o
       148          4         40          0          0        160   _printf_hex_int_ll_ptr.o
         6          0          0          0          0          0   _printf_i.o
       178          0          0          0          0         88   _printf_intcommon.o
        10          0          0          0          0          0   _printf_l.o
         6          0          0          0          0          0   _printf_lc.o
        10          0          0          0          0          0   _printf_ll.o
         6          0          0          0          0          0   _printf_lld.o
         6          0          0          0          0          0   _printf_lli.o
         6          0          0          0          0          0   _printf_llo.o
         6          0          0          0          0          0   _printf_llu.o
         6          0          0          0          0          0   _printf_llx.o
       124         16          0          0          0         92   _printf_longlong_dec.o
         6          0          0          0          0          0   _printf_ls.o
         6          0          0          0          0          0   _printf_n.o
         6          0          0          0          0          0   _printf_o.o
       112          8          0          0          0        124   _printf_oct_int_ll.o
         6          0          0          0          0          0   _printf_p.o
        78          0          0          0          0        108   _printf_pad.o
         0          0          0          0          0          0   _printf_percent.o
         4          0          0          0          0          0   _printf_percent_end.o
         6          0          0          0          0          0   _printf_s.o
        82          0          0          0          0         80   _printf_str.o
        36          0          0          0          0         84   _printf_truncate.o
         6          0          0          0          0          0   _printf_u.o
        44          0          0          0          0        108   _printf_wchar.o
       194          6          8          0          0         92   _printf_wctomb.o
         6          0          0          0          0          0   _printf_x.o
        10          0          0          0          0         68   _sputc.o
       164          0          0          0          0         92   _strtoul.o
        64          0          0          0          0         92   _wcrtomb.o
        16          0          0          0          0         68   aeabi_memset.o
        26          0          0          0          0         80   atoi.o
       220          4        148          0          0         96   bigflt0.o
      1910        128          0          0          0        672   btod.o
        10          0          0          0          0         68   defsig_exit.o
        50          0          0          0          0         88   defsig_general.o
        80         58          0          0          0         76   defsig_rtmem_inner.o
        14          0          0          0          0         80   defsig_rtmem_outer.o
        18          0          0          0          0         80   exit.o
        94          0          0          0          0         80   h1_alloc.o
        52          0          0          0          0         68   h1_extend.o
        78          0          0          0          0         80   h1_free.o
        14          0          0          0          0         84   h1_init.o
         6          0          0          0          0        152   heapauxi.o
         4          0          0          0          0        136   hguard.o
         0          0          0          0          0          0   indicate_semi.o
       138          0          0          0          0        168   init_alloc.o
        44         10        272          0          0         76   lc_ctype_c.o
        44         10         28          0          0         76   lc_numeric_c.o
         2          0          0          0          0          0   libinit.o
        42          0          0          0          0          0   libinit2.o
         2          0          0          0          0          0   libshutdown.o
         2          0          0          0          0          0   libshutdown2.o
         8          4          0          0         96         68   libspace.o
       138          0          0          0          0         80   lludiv10.o
         0          0          0          0          0          0   maybetermalloc1.o
        16          4          0          0          0         76   rt_ctype_table.o
         8          4          0          0          0         68   rt_errno_addr_intlibspace.o
         8          4          0          0          0         68   rt_heap_descriptor_intlibspace.o
         8          4          0          0          0         68   rt_locale_intlibspace.o
        68          0          0          0          0         68   rt_memclr.o
        78          0          0          0          0         80   rt_memclr_w.o
         2          0          0          0          0          0   rtexit.o
        10          0          0          0          0          0   rtexit2.o
       128          0          0          0          0         68   strcmpv7m.o
        62          0          0          0          0         76   strlen.o
       112          0          0          0          0         88   strtol.o
        12          4          0          0          0         68   sys_exit.o
        74          0          0          0          0         80   sys_stackheap_outer.o
        14          0          0          0          0         76   sys_wrch.o
         2          0          0          0          0         68   use_no_semi.o
        36          4          0          0          0         76   vsprintf.o
        10          0          0          0          0        116   fpinit.o
         4          0          0          0          0        116   printf1.o
         4          0          0          0          0        116   printf2.o
         0          0          0          0          0          0   usenofp.o
        48          0          0          0          0        124   fpclassify.o

    ----------------------------------------------------------------------
      7864        330        552          0        100       6124   Library Totals
        18          0          1          0          4          0   (incl. Padding)

    ----------------------------------------------------------------------

      Code (inc. data)   RO Data    RW Data    ZI Data      Debug   Library Name

      7780        330        551          0         96       5652   c_w.l
        18          0          0          0          0        348   fz_wm.l
        48          0          0          0          0        124   m_wm.l

    ----------------------------------------------------------------------
      7864        330        552          0        100       6124   Library Totals

    ----------------------------------------------------------------------

==============================================================================


      Code (inc. data)   RO Data    RW Data    ZI Data      Debug   

     10028        750        960          0       1840     310618   Grand Totals
     10028        750        960          0       1840     310618   ELF Image Totals
     10028        750        960          0          0          0   ROM Totals

==============================================================================

    Total RO  Size (Code + RO Data)                10988 (  10.73kB)
    Total RW  Size (RW Data + ZI Data)              1840 (   1.80kB)
    Total ROM Size (Code + RO Data + RW Data)      10988 (  10.73kB)

==============================================================================

